Component: ARM Compiler 5.06 update 5 (build 528) Tool: armlink [4d35e2]

==============================================================================

Section Cross References

    main.o(i._Z10systemInitv) refers to broad_controller.o(i._ZN16Board_controller14boardBasicInitEv) for Board_controller::boardBasicInit()
    main.o(i._Z10systemInitv) refers to xm_hardware.o(i._ZN11Xm_Hardware14xmHardwareInitEv) for Xm_Hardware::xmHardwareInit()
    main.o(i._Z10systemInitv) refers to broad_controller.o(.bss) for board_controller
    main.o(i._Z10systemInitv) refers to xm_hardware.o(.bss) for xm_hardware
    main.o(i._Z15constructorInitv) refers to broad_controller.o(i._ZN16Board_controllerC1Ev) for Board_controller::Board_controller()
    main.o(i._Z15constructorInitv) refers to rt_memcpy_v6.o(.text) for __aeabi_memcpy
    main.o(i._Z15constructorInitv) refers to queue.o(i._ZN5QueueC1Ev) for Queue::Queue()
    main.o(i._Z15constructorInitv) refers to rt_memcpy_w.o(.text) for __aeabi_memcpy4
    main.o(i._Z15constructorInitv) refers to aeabi_memset.o(.text) for __aeabi_memset
    main.o(i._Z15constructorInitv) refers to broad_controller.o(.bss) for board_controller
    main.o(i._Z15constructorInitv) refers to queue.o(.bss) for queue
    main.o(i._Z15constructorInitv) refers to xm_gypos.o(.bss) for xm_gypos
    main.o(i._Z15constructorInitv) refers to xm_servo.o(.bss) for xm_servo
    main.o(i._Z15constructorInitv) refers to main.o(i._ZN11Xm_AbstractC1Ev) for Xm_Abstract::Xm_Abstract()
    main.o(i._Z15constructorInitv) refers to xm_motor.o(.bss) for xm_motor
    main.o(i._Z15constructorInitv) refers to xm_platform.o(.bss) for xm_platform
    main.o(i._Z15constructorInitv) refers to xm_hardware.o(.bss) for xm_hardware
    main.o(i.main) refers to main.o(i._Z15constructorInitv) for constructorInit()
    main.o(i.main) refers to main.o(i._Z10systemInitv) for systemInit()
    main.o(i.main) refers to queue.o(i._ZN5Queue10emptyCheckEv) for Queue::emptyCheck()
    main.o(i.main) refers to queue.o(i._ZN5Queue7getDataEv) for Queue::getData()
    main.o(i.main) refers to hf_link.o(i._ZN6HFLink16byteAnalysisCallEh) for HFLink::byteAnalysisCall(unsigned char)
    main.o(i.main) refers to xm_hardware.o(i._ZN11Xm_Hardware17xmHardwareTopCallEv) for Xm_Hardware::xmHardwareTopCall()
    main.o(i.main) refers to broad_controller.o(i._ZN16Board_controller11SetLedStateEhh) for Board_controller::SetLedState(unsigned char, unsigned char)
    main.o(i.main) refers to xm_platform.o(i._ZN11Xm_Platform17platform_top_callEv) for Xm_Platform::platform_top_call()
    main.o(i.main) refers to xm_motor.o(i._ZN8Xm_Motor8arm_readEv) for Xm_Motor::arm_read()
    main.o(i.main) refers to queue.o(.bss) for queue
    main.o(i.main) refers to hf_link.o(.bss) for hf_link_pc_node
    main.o(i.main) refers to broad_controller.o(.bss) for board_controller
    main.o(i.main) refers to xm_hardware.o(.bss) for xm_hardware
    main.o(i.main) refers to xm_platform.o(.bss) for xm_platform
    main.o(i.main) refers to xm_motor.o(.bss) for xm_motor
    main.o(.ARM.exidx) refers to main.o(i._Z15constructorInitv) for i._Z15constructorInitv
    main.o(.ARM.exidx) refers to main.o(i._Z10systemInitv) for i._Z10systemInitv
    main.o(.ARM.exidx) refers to main.o(i.main) for i.main
    stm32f4xx_it.o(i.CAN1_RX0_IRQHandler) refers to stm32f4xx_can.o(i.CAN_Receive) for CAN_Receive
    stm32f4xx_it.o(i.CAN1_RX0_IRQHandler) refers to xm_motor.o(.bss) for xm_motor
    stm32f4xx_it.o(i.CAN2_RX0_IRQHandler) refers to stm32f4xx_can.o(i.CAN_Receive) for CAN_Receive
    stm32f4xx_it.o(i.CAN2_RX0_IRQHandler) refers to xm_gypos.o(.bss) for xm_gypos
    stm32f4xx_it.o(i.HardFault_Handler) refers to broad_controller.o(.bss) for board_controller
    stm32f4xx_it.o(i.TIM3_IRQHandler) refers to stm32f4xx_tim.o(i.TIM_GetITStatus) for TIM_GetITStatus
    stm32f4xx_it.o(i.TIM3_IRQHandler) refers to stm32f4xx_tim.o(i.TIM_Cmd) for TIM_Cmd
    stm32f4xx_it.o(i.TIM3_IRQHandler) refers to stm32f4xx_tim.o(i.TIM_ClearITPendingBit) for TIM_ClearITPendingBit
    stm32f4xx_it.o(i.TIM3_IRQHandler) refers to xm_platform.o(.bss) for xm_platform
    stm32f4xx_it.o(i.TIM6_DAC_IRQHandler) refers to stm32f4xx_tim.o(i.TIM_GetITStatus) for TIM_GetITStatus
    stm32f4xx_it.o(i.TIM6_DAC_IRQHandler) refers to stm32f4xx_tim.o(i.TIM_ClearITPendingBit) for TIM_ClearITPendingBit
    stm32f4xx_it.o(i.TIM6_DAC_IRQHandler) refers to broad_controller.o(.bss) for board_controller
    stm32f4xx_it.o(i.UART5_IRQHandler) refers to stm32f4xx_usart.o(i.USART_GetITStatus) for USART_GetITStatus
    stm32f4xx_it.o(i.UART5_IRQHandler) refers to queue.o(i._ZN5Queue9fullCheckEv) for Queue::fullCheck()
    stm32f4xx_it.o(i.UART5_IRQHandler) refers to queue.o(i._ZN5Queue7putDataEh) for Queue::putData(unsigned char)
    stm32f4xx_it.o(i.UART5_IRQHandler) refers to stm32f4xx_usart.o(i.USART_ClearITPendingBit) for USART_ClearITPendingBit
    stm32f4xx_it.o(i.UART5_IRQHandler) refers to queue.o(.bss) for queue
[...]
    i._ZN16Board_controller20Xm_System_timer_InitEv 0x080037fc   Section        0  broad_controller.o(i._ZN16Board_controller20Xm_System_timer_InitEv)
    i._ZN16Board_controller25Xm_GYPOS_Communicate_InitEv 0x08003808   Section        0  broad_controller.o(i._ZN16Board_controller25Xm_GYPOS_Communicate_InitEv)
    i._ZN16Board_controller25Xm_Motor_Communicate_InitEv 0x08003900   Section        0  broad_controller.o(i._ZN16Board_controller25Xm_Motor_Communicate_InitEv)
    i._ZN16Board_controller9rs485_cmdEh      0x080039f8   Section        0  broad_controller.o(i._ZN16Board_controller9rs485_cmdEh)
    i._ZN16Board_controllerC1Ev              0x08003a1c   Section        0  broad_controller.o(i._ZN16Board_controllerC1Ev)
    i._ZN5Queue10emptyCheckEv                0x08003a2c   Section        0  queue.o(i._ZN5Queue10emptyCheckEv)
    i._ZN5Queue7getDataEv                    0x08003a3e   Section        0  queue.o(i._ZN5Queue7getDataEv)
    i._ZN5Queue7putDataEh                    0x08003a5a   Section        0  queue.o(i._ZN5Queue7putDataEh)
    i._ZN5Queue9fullCheckEv                  0x08003a74   Section        0  queue.o(i._ZN5Queue9fullCheckEv)
    i._ZN5QueueC1Ev                          0x08003a88   Section        0  queue.o(i._ZN5QueueC1Ev)
    i._ZN6HFLink10sendBufferEPht             0x08003a92   Section        0  hf_link.o(i._ZN6HFLink10sendBufferEPht)
    i._ZN6HFLink10sendSignalEh               0x08003ab4   Section        0  hf_link.o(i._ZN6HFLink10sendSignalEh)
    i._ZN6HFLink10sendStructE7CommandPht     0x08003ad8   Section        0  hf_link.o(i._ZN6HFLink10sendStructE7CommandPht)
    i._ZN6HFLink11sendMessageEv              0x08003b1a   Section        0  hf_link.o(i._ZN6HFLink11sendMessageEv)
    i._ZN6HFLink15packageAnalysisEv          0x08003bb4   Section        0  hf_link.o(i._ZN6HFLink15packageAnalysisEv)
    i._ZN6HFLink16byteAnalysisCallEh         0x08003d1a   Section        0  hf_link.o(i._ZN6HFLink16byteAnalysisCallEh)
    i._ZN6HFLink18setCommandAnalysisE7CommandPht 0x08003d64   Section        0  hf_link.o(i._ZN6HFLink18setCommandAnalysisE7CommandPht)
    i._ZN6HFLink19readCommandAnalysisE7CommandPht 0x08003e20   Section        0  hf_link.o(i._ZN6HFLink19readCommandAnalysisE7CommandPht)
    i._ZN6HFLink19receiveFiniteStatesEh      0x08003e6e   Section        0  hf_link.o(i._ZN6HFLink19receiveFiniteStatesEh)
    i._ZN6HFLinkC1EP11Xm_Abstract            0x08003fc8   Section        0  hf_link.o(i._ZN6HFLinkC1EP11Xm_Abstract)
    i._ZN6TF_2WD13getRobotSpeedEPKfPf        0x0800400e   Section        0  xm_tf_2wd.o(i._ZN6TF_2WD13getRobotSpeedEPKfPf)
    i._ZN6TF_2WD13robotSpeedSetEPKfPf        0x0800404a   Section        0  xm_tf_2wd.o(i._ZN6TF_2WD13robotSpeedSetEPKfPf)
    i._ZN6TF_2WD14getGlobalSpeedEPKfPff      0x08004086   Section        0  xm_tf_2wd.o(i._ZN6TF_2WD14getGlobalSpeedEPKfPff)
    i._ZN6TF_2WD14motorToRobotTFEPKfPff      0x080040d8   Section        0  xm_tf_2wd.o(i._ZN6TF_2WD14motorToRobotTFEPKfPff)
    i._ZN6TF_2WD14robotToMotorTFEPKfPff      0x08004120   Section        0  xm_tf_2wd.o(i._ZN6TF_2WD14robotToMotorTFEPKfPff)
    i._ZN6TF_2WD15motorToGlobalTFEPKfPfff    0x08004170   Section        0  xm_tf_2wd.o(i._ZN6TF_2WD15motorToGlobalTFEPKfPfff)
    i._ZN6TF_2WD15robotToGlobalTFEPKfPff     0x080041ac   Section        0  xm_tf_2wd.o(i._ZN6TF_2WD15robotToGlobalTFEPKfPff)
    i._ZN6TF_2WD18getRobotCoordinateEPKfPf   0x08004260   Section        0  xm_tf_2wd.o(i._ZN6TF_2WD18getRobotCoordinateEPKfPf)
    i._ZN6TF_2WD19getGlobalCoordinateEPKfPf  0x080042ac   Section        0  xm_tf_2wd.o(i._ZN6TF_2WD19getGlobalCoordinateEPKfPf)
    i._ZN8Xm_Gypos9get_gyposEv               0x08004300   Section        0  xm_gypos.o(i._ZN8Xm_Gypos9get_gyposEv)
    i._ZN8Xm_Motor10motor_modeEjh            0x080043a4   Section        0  xm_motor.o(i._ZN8Xm_Motor10motor_modeEjh)
    i._ZN8Xm_Motor11arm_controlEv            0x080043e0   Section        0  xm_motor.o(i._ZN8Xm_Motor11arm_controlEv)
    i._ZN8Xm_Motor11can_timeoutEv            0x0800444c   Section        0  xm_motor.o(i._ZN8Xm_Motor11can_timeoutEv)
    i._ZN8Xm_Motor11motor_clearEj            0x08004468   Section        0  xm_motor.o(i._ZN8Xm_Motor11motor_clearEj)
    i._ZN8Xm_Motor11motor_resetEj            0x080044a8   Section        0  xm_motor.o(i._ZN8Xm_Motor11motor_resetEj)
    i._ZN8Xm_Motor11motor_speedEjs           0x080044e0   Section        0  xm_motor.o(i._ZN8Xm_Motor11motor_speedEjs)
    i._ZN8Xm_Motor12chassis_initEv           0x0800453c   Section        0  xm_motor.o(i._ZN8Xm_Motor12chassis_initEv)
    i._ZN8Xm_Motor12motor_configEjh          0x080045ac   Section        0  xm_motor.o(i._ZN8Xm_Motor12motor_configEjh)
    i._ZN8Xm_Motor13chassis_clearEv          0x080045e8   Section        0  xm_motor.o(i._ZN8Xm_Motor13chassis_clearEv)
    i._ZN8Xm_Motor13wheel_controlEv          0x08004604   Section        0  xm_motor.o(i._ZN8Xm_Motor13wheel_controlEv)
    i._ZN8Xm_Motor14arm_motor_readEj         0x080046b4   Section        0  xm_motor.o(i._ZN8Xm_Motor14arm_motor_readEj)
    i._ZN8Xm_Motor15motor_math_htoiEPhPi     0x080046fc   Section        0  xm_motor.o(i._ZN8Xm_Motor15motor_math_htoiEPhPi)
    i._ZN8Xm_Motor15motor_math_itohEiPh      0x08004716   Section        0  xm_motor.o(i._ZN8Xm_Motor15motor_math_itohEiPh)
    i._ZN8Xm_Motor18chassis_read_speedEv     0x0800477a   Section        0  xm_motor.o(i._ZN8Xm_Motor18chassis_read_speedEv)
    i._ZN8Xm_Motor8arm_homeEv                0x08004798   Section        0  xm_motor.o(i._ZN8Xm_Motor8arm_homeEv)
    i._ZN8Xm_Motor8arm_readEv                0x0800482c   Section        0  xm_motor.o(i._ZN8Xm_Motor8arm_readEv)
    i._ZN8Xm_Motor9arm_angleEhf              0x08004908   Section        0  xm_motor.o(i._ZN8Xm_Motor9arm_angleEhf)
    i._ZN8Xm_Motor9arm_clearEv               0x080049c8   Section        0  xm_motor.o(i._ZN8Xm_Motor9arm_clearEv)
    i._ZN8Xm_Servo14set_claw_stateEh         0x08004a00   Section        0  xm_servo.o(i._ZN8Xm_Servo14set_claw_stateEh)
    i._ZN8Xm_Servo15set_wrist_angleEf        0x08004a50   Section        0  xm_servo.o(i._ZN8Xm_Servo15set_wrist_angleEf)
    i._ZN8Xm_Servo15wrist_claw_homeEv        0x08004af4   Section        0  xm_servo.o(i._ZN8Xm_Servo15wrist_claw_homeEv)
    i._ZSt3cosf                              0x08004b30   Section        0  xm_tf_2wd.o(i._ZSt3cosf)
    i._ZSt3sinf                              0x08004b48   Section        0  xm_tf_2wd.o(i._ZSt3sinf)
    i.__ARM_fpclassifyf                      0x08004b60   Section        0  fpclassifyf.o(i.__ARM_fpclassifyf)
    i.__hardfp_cosf                          0x08004b88   Section        0  cosf.o(i.__hardfp_cosf)
    i.__hardfp_sinf                          0x08004cd8   Section        0  sinf.o(i.__hardfp_sinf)
    i.__mathlib_flt_infnan                   0x08004e68   Section        0  funder.o(i.__mathlib_flt_infnan)
    i.__mathlib_flt_invalid                  0x08004e70   Section        0  funder.o(i.__mathlib_flt_invalid)
    i.__mathlib_flt_underflow                0x08004e80   Section        0  funder.o(i.__mathlib_flt_underflow)
    i.__mathlib_rredf2                       0x08004e90   Section        0  rredf.o(i.__mathlib_rredf2)
    i.__sti___11_hf_link_cpp_e72e2d20        0x08004fe4   Section        0  hf_link.o(i.__sti___11_hf_link_cpp_e72e2d20)
    __sti___11_hf_link_cpp_e72e2d20          0x08004fe5   Thumb Code    12  hf_link.o(i.__sti___11_hf_link_cpp_e72e2d20)
    i.__sti___12_xm_gypos_cpp_xm_gypos       0x08004ff8   Section        0  xm_gypos.o(i.__sti___12_xm_gypos_cpp_xm_gypos)
    __sti___12_xm_gypos_cpp_xm_gypos         0x08004ff9   Thumb Code    46  xm_gypos.o(i.__sti___12_xm_gypos_cpp_xm_gypos)
    i.__sti___12_xm_motor_cpp_xm_motor       0x08005034   Section        0  xm_motor.o(i.__sti___12_xm_motor_cpp_xm_motor)
    __sti___12_xm_motor_cpp_xm_motor         0x08005035   Thumb Code    46  xm_motor.o(i.__sti___12_xm_motor_cpp_xm_motor)
    i.__sti___12_xm_servo_cpp_xm_servo       0x08005068   Section        0  xm_servo.o(i.__sti___12_xm_servo_cpp_xm_servo)
    __sti___12_xm_servo_cpp_xm_servo         0x08005069   Thumb Code    52  xm_servo.o(i.__sti___12_xm_servo_cpp_xm_servo)
    i.__sti___15_xm_hardware_cpp_xm_robot    0x080050a0   Section        0  xm_hardware.o(i.__sti___15_xm_hardware_cpp_xm_robot)
    __sti___15_xm_hardware_cpp_xm_robot      0x080050a1   Thumb Code    36  xm_hardware.o(i.__sti___15_xm_hardware_cpp_xm_robot)
    i.__sti___15_xm_platform_cpp_fae40c9f    0x080050d0   Section        0  xm_platform.o(i.__sti___15_xm_platform_cpp_fae40c9f)
    __sti___15_xm_platform_cpp_fae40c9f      0x080050d1   Thumb Code    54  xm_platform.o(i.__sti___15_xm_platform_cpp_fae40c9f)
    i.__sti___20_broad_controller_cpp_e0fcb226 0x08005114   Section        0  broad_controller.o(i.__sti___20_broad_controller_cpp_e0fcb226)
    __sti___20_broad_controller_cpp_e0fcb226 0x08005115   Thumb Code    10  broad_controller.o(i.__sti___20_broad_controller_cpp_e0fcb226)
    i.__sti___9_queue_cpp_queue              0x08005124   Section        0  queue.o(i.__sti___9_queue_cpp_queue)
    __sti___9_queue_cpp_queue                0x08005125   Thumb Code    10  queue.o(i.__sti___9_queue_cpp_queue)
    i.delay_ms                               0x08005134   Section        0  delay.o(i.delay_ms)
    i.delay_us                               0x08005152   Section        0  delay.o(i.delay_us)
    i.main                                   0x08005170   Section        0  main.o(i.main)
    x$fpl$d2f                                0x0800522c   Section       98  d2f.o(x$fpl$d2f)
    $v0                                      0x0800522c   Number         0  d2f.o(x$fpl$d2f)
    x$fpl$ddiv                               0x08005290   Section      688  ddiv.o(x$fpl$ddiv)
    $v0                                      0x08005290   Number         0  ddiv.o(x$fpl$ddiv)
    ddiv_entry                               0x08005297   Thumb Code     0  ddiv.o(x$fpl$ddiv)
    x$fpl$dfix                               0x08005540   Section       94  dfix.o(x$fpl$dfix)
    $v0                                      0x08005540   Number         0  dfix.o(x$fpl$dfix)
    x$fpl$dflt                               0x0800559e   Section       46  dflt_clz.o(x$fpl$dflt)
    $v0                                      0x0800559e   Number         0  dflt_clz.o(x$fpl$dflt)
    x$fpl$dmul                               0x080055cc   Section      340  dmul.o(x$fpl$dmul)
    $v0                                      0x080055cc   Number         0  dmul.o(x$fpl$dmul)
    x$fpl$dnaninf                            0x08005720   Section      156  dnaninf.o(x$fpl$dnaninf)
    $v0                                      0x08005720   Number         0  dnaninf.o(x$fpl$dnaninf)
    x$fpl$dretinf                            0x080057bc   Section       12  dretinf.o(x$fpl$dretinf)
    $v0                                      0x080057bc   Number         0  dretinf.o(x$fpl$dretinf)
    x$fpl$f2d                                0x080057c8   Section       86  f2d.o(x$fpl$f2d)
    $v0                                      0x080057c8   Number         0  f2d.o(x$fpl$f2d)
    x$fpl$fnaninf                            0x0800581e   Section      140  fnaninf.o(x$fpl$fnaninf)
    $v0                                      0x0800581e   Number         0  fnaninf.o(x$fpl$fnaninf)
    x$fpl$fpinit                             0x080058aa   Section       10  fpinit.o(x$fpl$fpinit)
    $v0                                      0x080058aa   Number         0  fpinit.o(x$fpl$fpinit)
    x$fpl$fretinf                            0x080058b4   Section       10  fretinf.o(x$fpl$fretinf)
    $v0                                      0x080058b4   Number         0  fretinf.o(x$fpl$fretinf)
    x$fpl$usenofp                            0x080058be   Section        0  usenofp.o(x$fpl$usenofp)
    .constdata                               0x080058c0   Section       16  xm_motor.o(.constdata)
    PULSE                                    0x080058c0   Data          16  xm_motor.o(.constdata)
    .constdata                               0x080058d0   Section       32  rredf.o(.constdata)
    twooverpi                                0x080058d0   Data          32  rredf.o(.constdata)
    .init_array                              0x08005910   Section        4  broad_controller.o(.init_array)
    .init_array                              0x08005914   Section        4  queue.o(.init_array)
    .init_array                              0x08005918   Section        4  hf_link.o(.init_array)
    .init_array                              0x0800591c   Section        4  xm_servo.o(.init_array)
    .init_array                              0x08005920   Section        4  xm_gypos.o(.init_array)
    .init_array                              0x08005924   Section        4  xm_motor.o(.init_array)
    .init_array                              0x08005928   Section        4  xm_platform.o(.init_array)
    .init_array                              0x0800592c   Section        4  xm_hardware.o(.init_array)
    .init_array                              0x08005930   Section        0  init_aeabi.o(.init_array)
    .data                                    0x20000000   Section       16  stm32f4xx_rcc.o(.data)
    APBAHBPrescTable                         0x20000000   Data          16  stm32f4xx_rcc.o(.data)
    .data                                    0x20000010   Section        8  delay.o(.data)
    .data                                    0x20000018   Section        4  hf_link.o(.data)
    .bss                                     0x2000001c   Section       16  broad_controller.o(.bss)
    .bss                                     0x2000002c   Section      264  queue.o(.bss)
    .bss                                     0x20000134   Section      408  hf_link.o(.bss)
    .bss                                     0x200002cc   Section      665  xm_servo.o(.bss)
    .bss                                     0x20000568   Section       20  xm_gypos.o(.bss)
    .bss                                     0x2000057c   Section       26  xm_motor.o(.bss)
    .bss                                     0x20000598   Section       32  xm_platform.o(.bss)
    .bss                                     0x200005b8   Section      236  xm_hardware.o(.bss)
    .bss                                     0x200006a4   Section       96  libspace.o(.bss)
    HEAP                                     0x20000708   Section      512  startup_stm32f40_41xxx.o(HEAP)
    Heap_Mem                                 0x20000708   Data         512  startup_stm32f40_41xxx.o(HEAP)
    STACK                                    0x20000908   Section     1024  startup_stm32f40_41xxx.o(STACK)
    Stack_Mem                                0x20000908   Data        1024  startup_stm32f40_41xxx.o(STACK)
    __initial_sp                             0x20000d08   Data           0  startup_stm32f40_41xxx.o(STACK)

    Global Symbols

    Symbol Name                              Value     Ov Type        Size  Object(Section)

    BuildAttributes$$THM_ISAv4$E$P$D$K$B$S$7EM$VFPi3$EXTD16$VFPS$VFMA$PE$A:L22UL41UL21$X:L11$S22US41US21$IEEE1$IW$USESV6$~STKCKD$USESV7$~SHL$OTIME$ROPI$IEEEX$EBA8$UX$STANDARDLIB$REQ8$PRES8$EABIv2 0x00000000   Number         0  anon$$obj.o ABSOLUTE
    __ARM_use_no_argv                        0x00000000   Number         0  main.o ABSOLUTE
    __ARM_exceptions_init                     - Undefined Weak Reference
    __alloca_initialize                       - Undefined Weak Reference
    __arm_preinit_                            - Undefined Weak Reference
    __cxa_finalize                            - Undefined Weak Reference
    __rt_locale                               - Undefined Weak Reference
    __sigvec_lookup                           - Undefined Weak Reference
    _atexit_init                              - Undefined Weak Reference
    _call_atexit_fns                          - Undefined Weak Reference
    _clock_init                               - Undefined Weak Reference
    _fp_trap_init                             - Undefined Weak Reference
    _fp_trap_shutdown                         - Undefined Weak Reference
    _get_lc_collate                           - Undefined Weak Reference
    _get_lc_ctype                             - Undefined Weak Reference
    _get_lc_monetary                          - Undefined Weak Reference
    _get_lc_numeric                           - Undefined Weak Reference
    _get_lc_time                              - Undefined Weak Reference
    _getenv_init                              - Undefined Weak Reference
    _handle_redirection                       - Undefined Weak Reference
    _init_alloc                               - Undefined Weak Reference
    _init_user_alloc                          - Undefined Weak Reference
    _initio                                   - Undefined Weak Reference
    _rand_init                                - Undefined Weak Reference
    _signal_finish                            - Undefined Weak Reference
    _signal_init                              - Undefined Weak Reference
    _terminate_alloc                          - Undefined Weak Reference
    _terminate_user_alloc                     - Undefined Weak Reference
    _terminateio                              - Undefined Weak Reference
    __Vectors_Size                           0x00000188   Number         0  startup_stm32f40_41xxx.o ABSOLUTE
    __Vectors                                0x08000000   Data           4  startup_stm32f40_41xxx.o(RESET)
    __Vectors_End                            0x08000188   Data           0  startup_stm32f40_41xxx.o(RESET)
    __main                                   0x08000189   Thumb Code     8  __main.o(!!!main)
    __scatterload                            0x08000191   Thumb Code     0  __scatter.o(!!!scatter)
    __scatterload_rt2                        0x08000191   Thumb Code    44  __scatter.o(!!!scatter)
    __scatterload_rt2_thumb_only             0x08000191   Thumb Code     0  __scatter.o(!!!scatter)
    __scatterload_null                       0x0800019f   Thumb Code     0  __scatter.o(!!!scatter)
    __scatterload_copy                       0x080001c5   Thumb Code    26  __scatter_copy.o(!!handler_copy)
    __scatterload_zeroinit                   0x080001e1   Thumb Code    28  __scatter_zi.o(!!handler_zi)
    __rt_lib_init                            0x080001fd   Thumb Code     0  libinit.o(.ARM.Collect$$libinit$$00000000)
    __rt_lib_init_fp_1                       0x080001ff   Thumb Code     0  libinit2.o(.ARM.Collect$$libinit$$00000001)
    __rt_lib_init_alloca_1                   0x08000203   Thumb Code     0  libinit2.o(.ARM.Collect$$libinit$$0000002E)
    __rt_lib_init_argv_1                     0x08000203   Thumb Code     0  libinit2.o(.ARM.Collect$$libinit$$0000002C)
    __rt_lib_init_atexit_1                   0x08000203   Thumb Code     0  libinit2.o(.ARM.Collect$$libinit$$0000001B)
    __rt_lib_init_clock_1                    0x08000203   Thumb Code     0  libinit2.o(.ARM.Collect$$libinit$$00000021)
    __rt_lib_init_cpp_2                      0x08000203   Thumb Code     0  libinit2.o(.ARM.Collect$$libinit$$00000031)
    __rt_lib_init_exceptions_1               0x08000203   Thumb Code     0  libinit2.o(.ARM.Collect$$libinit$$00000030)
    __rt_lib_init_fp_trap_1                  0x08000203   Thumb Code     0  libinit2.o(.ARM.Collect$$libinit$$0000001F)
    __rt_lib_init_getenv_1                   0x08000203   Thumb Code     0  libinit2.o(.ARM.Collect$$libinit$$00000023)
    __rt_lib_init_heap_1                     0x08000203   Thumb Code     0  libinit2.o(.ARM.Collect$$libinit$$0000000A)
    __rt_lib_init_lc_collate_1               0x08000203   Thumb Code     0  libinit2.o(.ARM.Collect$$libinit$$00000011)
    __rt_lib_init_lc_ctype_1                 0x08000203   Thumb Code     0  libinit2.o(.ARM.Collect$$libinit$$00000013)
    __rt_lib_init_lc_monetary_1              0x08000203   Thumb Code     0  libinit2.o(.ARM.Collect$$libinit$$00000015)
    __rt_lib_init_lc_numeric_1               0x08000203   Thumb Code     0  libinit2.o(.ARM.Collect$$libinit$$00000017)
    __rt_lib_init_lc_time_1                  0x08000203   Thumb Code     0  libinit2.o(.ARM.Collect$$libinit$$00000019)
    __rt_lib_init_preinit_1                  0x08000203   Thumb Code     0  libinit2.o(.ARM.Collect$$libinit$$00000004)
    __rt_lib_init_rand_1                     0x08000203   Thumb Code     0  libinit2.o(.ARM.Collect$$libinit$$0000000E)
    __rt_lib_init_signal_1                   0x08000203   Thumb Code     0  libinit2.o(.ARM.Collect$$libinit$$0000001D)
    __rt_lib_init_stdio_1                    0x08000203   Thumb Code     0  libinit2.o(.ARM.Collect$$libinit$$00000025)
    __rt_lib_init_user_alloc_1               0x08000203   Thumb Code     0  libinit2.o(.ARM.Collect$$libinit$$0000000C)
    __rt_lib_init_cpp_1                      0x08000207   Thumb Code     0  libinit2.o(.ARM.Collect$$libinit$$00000032)
    __rt_lib_init_return                     0x08000207   Thumb Code     0  libinit2.o(.ARM.Collect$$libinit$$00000033)
    __rt_lib_shutdown                        0x08000209   Thumb Code     0  libshutdown.o(.ARM.Collect$$libshutdown$$00000000)
    __rt_lib_shutdown_cpp_1                  0x0800020b   Thumb Code     0  libshutdown2.o(.ARM.Collect$$libshutdown$$00000002)
    __rt_lib_shutdown_fp_trap_1              0x0800020b   Thumb Code     0  libshutdown2.o(.ARM.Collect$$libshutdown$$00000007)
    __rt_lib_shutdown_heap_1                 0x0800020b   Thumb Code     0  libshutdown2.o(.ARM.Collect$$libshutdown$$0000000F)
    __rt_lib_shutdown_return                 0x0800020b   Thumb Code     0  libshutdown2.o(.ARM.Collect$$libshutdown$$00000010)
    __rt_lib_shutdown_signal_1               0x0800020b   Thumb Code     0  libshutdown2.o(.ARM.Collect$$libshutdown$$0000000A)
    __rt_lib_shutdown_stdio_1                0x0800020b   Thumb Code     0  libshutdown2.o(.ARM.Collect$$libshutdown$$00000004)
    __rt_lib_shutdown_user_alloc_1           0x0800020b   Thumb Code     0  libshutdown2.o(.ARM.Collect$$libshutdown$$0000000C)
    __rt_entry                               0x0800020d   Thumb Code     0  __rtentry.o(.ARM.Collect$$rtentry$$00000000)
    __rt_entry_presh_1                       0x0800020d   Thumb Code     0  __rtentry2.o(.ARM.Collect$$rtentry$$00000002)
    __rt_entry_sh                            0x0800020d   Thumb Code     0  __rtentry4.o(.ARM.Collect$$rtentry$$00000004)
    __rt_entry_li                            0x08000213   Thumb Code     0  __rtentry2.o(.ARM.Collect$$rtentry$$0000000A)
    __rt_entry_postsh_1                      0x08000213   Thumb Code     0  __rtentry2.o(.ARM.Collect$$rtentry$$00000009)
    __rt_entry_main                          0x08000217   Thumb Code     0  __rtentry2.o(.ARM.Collect$$rtentry$$0000000D)
    __rt_entry_postli_1                      0x08000217   Thumb Code     0  __rtentry2.o(.ARM.Collect$$rtentry$$0000000C)
    __rt_exit                                0x0800021f   Thumb Code     0  rtexit.o(.ARM.Collect$$rtexit$$00000000)
    __rt_exit_ls                             0x08000221   Thumb Code     0  rtexit2.o(.ARM.Collect$$rtexit$$00000003)
    __rt_exit_prels_1                        0x08000221   Thumb Code     0  rtexit2.o(.ARM.Collect$$rtexit$$00000002)
    __rt_exit_exit                           0x08000225   Thumb Code     0  rtexit2.o(.ARM.Collect$$rtexit$$00000004)
    Reset_Handler                            0x0800022d   Thumb Code     8  startup_stm32f40_41xxx.o(.text)
    NMI_Handler                              0x08000235   Thumb Code     2  startup_stm32f40_41xxx.o(.text)
    MemManage_Handler                        0x08000239   Thumb Code     2  startup_stm32f40_41xxx.o(.text)
    BusFault_Handler                         0x0800023b   Thumb Code     2  startup_stm32f40_41xxx.o(.text)
    UsageFault_Handler                       0x0800023d   Thumb Code     2  startup_stm32f40_41xxx.o(.text)
    SVC_Handler                              0x0800023f   Thumb Code     2  startup_stm32f40_41xxx.o(.text)
    DebugMon_Handler                         0x08000241   Thumb Code     2  startup_stm32f40_41xxx.o(.text)
    PendSV_Handler                           0x08000243   Thumb Code     2  startup_stm32f40_41xxx.o(.text)
    ADC_IRQHandler                           0x08000247   Thumb Code     0  startup_stm32f40_41xxx.o(.text)
    CAN1_RX1_IRQHandler                      0x08000247   Thumb Code     0  startup_stm32f40_41xxx.o(.text)
    CAN1_SCE_IRQHandler                      0x08000247   Thumb Code     0  startup_stm32f40_41xxx.o(.text)
    CAN1_TX_IRQHandler                       0x08000247   Thumb Code     0  startup_stm32f40_41xxx.o(.text)
    CAN2_RX1_IRQHandler                      0x08000247   Thumb Code     0  startup_stm32f40_41xxx.o(.text)
    CAN2_SCE_IRQHandler                      0x08000247   Thumb Code     0  startup_stm32f40_41xxx.o(.text)
    CAN2_TX_IRQHandler                       0x08000247   Thumb Code     0  startup_stm32f40_41xxx.o(.text)
    CRYP_IRQHandler                          0x08000247   Thumb Code     0  startup_stm32f40_41xxx.o(.text)
    DCMI_IRQHandler                          0x08000247   Thumb Code     0  startup_stm32f40_41xxx.o(.text)
    DMA1_Stream0_IRQHandler                  0x08000247   Thumb Code     0  startup_stm32f40_41xxx.o(.text)
    DMA1_Stream1_IRQHandler                  0x08000247   Thumb Code     0  startup_stm32f40_41xxx.o(.text)
    DMA1_Stream2_IRQHandler                  0x08000247   Thumb Code     0  startup_stm32f40_41xxx.o(.text)
    DMA1_Stream3_IRQHandler                  0x08000247   Thumb Code     0  startup_stm32f40_41xxx.o(.text)
    DMA1_Stream4_IRQHandler                  0x08000247   Thumb Code     0  startup_stm32f40_41xxx.o(.text)
    DMA1_Stream5_IRQHandler                  0x08000247   Thumb Code     0  startup_stm32f40_41xxx.o(.text)
    DMA1_Stream6_IRQHandler                  0x08000247   Thumb Code     0  startup_stm32f40_41xxx.o(.text)
    DMA1_Stream7_IRQHandler                  0x08000247   Thumb Code     0  startup_stm32f40_41xxx.o(.text)
    DMA2_Stream0_IRQHandler                  0x08000247   Thumb Code     0  startup_stm32f40_41xxx.o(.text)
    DMA2_Stream1_IRQHandler                  0x08000247   Thumb Code     0  startup_stm32f40_41xxx.o(.text)
    DMA2_Stream2_IRQHandler                  0x08000247   Thumb Code     0  startup_stm32f40_41xxx.o(.text)
    DMA2_Stream3_IRQHandler                  0x08000247   Thumb Code     0  startup_stm32f40_41xxx.o(.text)
    DMA2_Stream4_IRQHandler                  0x08000247   Thumb Code     0  startup_stm32f40_41xxx.o(.text)
    DMA2_Stream5_IRQHandler                  0x08000247   Thumb Code     0  startup_stm32f40_41xxx.o(.text)
    DMA2_Stream6_IRQHandler                  0x08000247   Thumb Code     0  startup_stm32f40_41xxx.o(.text)
    DMA2_Stream7_IRQHandler                  0x08000247   Thumb Code     0  startup_stm32f40_41xxx.o(.text)
    ETH_IRQHandler                           0x08000247   Thumb Code     0  startup_stm32f40_41xxx.o(.text)
    ETH_WKUP_IRQHandler                      0x08000247   Thumb Code     0  startup_stm32f40_41xxx.o(.text)
    EXTI0_IRQHandler                         0x08000247   Thumb Code     0  startup_stm32f40_41xxx.o(.text)
    EXTI15_10_IRQHandler                     0x08000247   Thumb Code     0  startup_stm32f40_41xxx.o(.text)
    EXTI1_IRQHandler                         0x08000247   Thumb Code     0  startup_stm32f40_41xxx.o(.text)
    EXTI2_IRQHandler                         0x08000247   Thumb Code     0  startup_stm32f40_41xxx.o(.text)
    EXTI3_IRQHandler                         0x08000247   Thumb Code     0  startup_stm32f40_41xxx.o(.text)
    EXTI4_IRQHandler                         0x08000247   Thumb Code     0  startup_stm32f40_41xxx.o(.text)
    EXTI9_5_IRQHandler                       0x08000247   Thumb Code     0  startup_stm32f40_41xxx.o(.text)
    FLASH_IRQHandler                         0x08000247   Thumb Code     0  startup_stm32f40_41xxx.o(.text)
    FPU_IRQHandler                           0x08000247   Thumb Code     0  startup_stm32f40_41xxx.o(.text)
    FSMC_IRQHandler                          0x08000247   Thumb Code     0  startup_stm32f40_41xxx.o(.text)
    HASH_RNG_IRQHandler                      0x08000247   Thumb Code     0  startup_stm32f40_41xxx.o(.text)
    I2C1_ER_IRQHandler                       0x08000247   Thumb Code     0  startup_stm32f40_41xxx.o(.text)
    I2C1_EV_IRQHandler                       0x08000247   Thumb Code     0  startup_stm32f40_41xxx.o(.text)
    I2C2_ER_IRQHandler                       0x08000247   Thumb Code     0  startup_stm32f40_41xxx.o(.text)
    I2C2_EV_IRQHandler                       0x08000247   Thumb Code     0  startup_stm32f40_41xxx.o(.text)
    I2C3_ER_IRQHandler                       0x08000247   Thumb Code     0  startup_stm32f40_41xxx.o(.text)
    I2C3_EV_IRQHandler                       0x08000247   Thumb Code     0  startup_stm32f40_41xxx.o(.text)
    OTG_FS_IRQHandler                        0x08000247   Thumb Code     0  startup_stm32f40_41xxx.o(.text)
    OTG_FS_WKUP_IRQHandler                   0x08000247   Thumb Code     0  startup_stm32f40_41xxx.o(.text)
    OTG_HS_EP1_IN_IRQHandler                 0x08000247   Thumb Code     0  startup_stm32f40_41xxx.o(.text)
    OTG_HS_EP1_OUT_IRQHandler                0x08000247   Thumb Code     0  startup_stm32f40_41xxx.o(.text)
    OTG_HS_IRQHandler                        0x08000247   Thumb Code     0  startup_stm32f40_41xxx.o(.text)
    OTG_HS_WKUP_IRQHandler                   0x08000247   Thumb Code     0  startup_stm32f40_41xxx.o(.text)
    PVD_IRQHandler                           0x08000247   Thumb Code     0  startup_stm32f40_41xxx.o(.text)
    RCC_IRQHandler                           0x08000247   Thumb Code     0  startup_stm32f40_41xxx.o(.text)
    RTC_Alarm_IRQHandler                     0x08000247   Thumb Code     0  startup_stm32f40_41xxx.o(.text)
    RTC_WKUP_IRQHandler                      0x08000247   Thumb Code     0  startup_stm32f40_41xxx.o(.text)
    SDIO_IRQHandler                          0x08000247   Thumb Code     0  startup_stm32f40_41xxx.o(.text)
    SPI1_IRQHandler                          0x08000247   Thumb Code     0  startup_stm32f40_41xxx.o(.text)
    SPI2_IRQHandler                          0x08000247   Thumb Code     0  startup_stm32f40_41xxx.o(.text)
    SPI3_IRQHandler                          0x08000247   Thumb Code     0  startup_stm32f40_41xxx.o(.text)
    TAMP_STAMP_IRQHandler                    0x08000247   Thumb Code     0  startup_stm32f40_41xxx.o(.text)
    TIM1_BRK_TIM9_IRQHandler                 0x08000247   Thumb Code     0  startup_stm32f40_41xxx.o(.text)
    TIM1_CC_IRQHandler                       0x08000247   Thumb Code     0  startup_stm32f40_41xxx.o(.text)
    TIM1_TRG_COM_TIM11_IRQHandler            0x08000247   Thumb Code     0  startup_stm32f40_41xxx.o(.text)
    TIM1_UP_TIM10_IRQHandler                 0x08000247   Thumb Code     0  startup_stm32f40_41xxx.o(.text)
    TIM2_IRQHandler                          0x08000247   Thumb Code     0  startup_stm32f40_41xxx.o(.text)
    TIM4_IRQHandler                          0x08000247   Thumb Code     0  startup_stm32f40_41xxx.o(.text)
    TIM5_IRQHandler                          0x08000247   Thumb Code     0  startup_stm32f40_41xxx.o(.text)
    TIM7_IRQHandler                          0x08000247   Thumb Code     0  startup_stm32f40_41xxx.o(.text)
    TIM8_BRK_TIM12_IRQHandler                0x08000247   Thumb Code     0  startup_stm32f40_41xxx.o(.text)
    TIM8_CC_IRQHandler                       0x08000247   Thumb Code     0  startup_stm32f40_41xxx.o(.text)
    TIM8_TRG_COM_TIM14_IRQHandler            0x08000247   Thumb Code     0  startup_stm32f40_41xxx.o(.text)
    TIM8_UP_TIM13_IRQHandler                 0x08000247   Thumb Code     0  startup_stm32f40_41xxx.o(.text)
    UART4_IRQHandler                         0x08000247   Thumb Code     0  startup_stm32f40_41xxx.o(.text)
    USART1_IRQHandler                        0x08000247   Thumb Code     0  startup_stm32f40_41xxx.o(.text)
    USART6_IRQHandler                        0x08000247   Thumb Code     0  startup_stm32f40_41xxx.o(.text)
    WWDG_IRQHandler                          0x08000247   Thumb Code     0  startup_stm32f40_41xxx.o(.text)
    __user_initial_stackheap                 0x08000249   Thumb Code     0  startup_stm32f40_41xxx.o(.text)
    __aeabi_memcpy                           0x0800026d   Thumb Code     0  rt_memcpy_v6.o(.text)
    __rt_memcpy                              0x0800026d   Thumb Code   138  rt_memcpy_v6.o(.text)
    _memcpy_lastbytes                        0x080002d3   Thumb Code     0  rt_memcpy_v6.o(.text)
    __aeabi_memcpy4                          0x080002f7   Thumb Code     0  rt_memcpy_w.o(.text)
    __aeabi_memcpy8                          0x080002f7   Thumb Code     0  rt_memcpy_w.o(.text)
    __rt_memcpy_w                            0x080002f7   Thumb Code   100  rt_memcpy_w.o(.text)
    _memcpy_lastbytes_aligned                0x0800033f   Thumb Code     0  rt_memcpy_w.o(.text)
    __aeabi_memset                           0x0800035b   Thumb Code    16  aeabi_memset.o(.text)
    __use_two_region_memory                  0x0800036b   Thumb Code     2  heapauxi.o(.text)
    __rt_heap_escrow$2region                 0x0800036d   Thumb Code     2  heapauxi.o(.text)
    __rt_heap_expand$2region                 0x0800036f   Thumb Code     2  heapauxi.o(.text)
    __cpp_initialize__aeabi_                 0x08000371   Thumb Code    26  init_aeabi.o(.text)
    __read_errno                             0x08000395   Thumb Code    10  _rserrno.o(.text)
    __set_errno                              0x0800039f   Thumb Code    12  _rserrno.o(.text)
    __aeabi_memclr                           0x080003ab   Thumb Code     0  rt_memclr.o(.text)
    __rt_memclr                              0x080003ab   Thumb Code    68  rt_memclr.o(.text)
    _memset                                  0x080003af   Thumb Code     0  rt_memclr.o(.text)
    __aeabi_errno_addr                       0x080003f1   Thumb Code     8  rt_errno_addr_intlibspace.o(.text)
    __errno$intlibspace                      0x080003f1   Thumb Code     0  rt_errno_addr_intlibspace.o(.text)
    __rt_errno_addr$intlibspace              0x080003f1   Thumb Code     0  rt_errno_addr_intlibspace.o(.text)
    __aeabi_memclr4                          0x080003f9   Thumb Code     0  rt_memclr_w.o(.text)
    __aeabi_memclr8                          0x080003f9   Thumb Code     0  rt_memclr_w.o(.text)
    __rt_memclr_w                            0x080003f9   Thumb Code    78  rt_memclr_w.o(.text)
    _memset_w                                0x080003fd   Thumb Code     0  rt_memclr_w.o(.text)
    __user_libspace                          0x08000449   Thumb Code     8  libspace.o(.text)
    __user_perproc_libspace                  0x08000449   Thumb Code     0  libspace.o(.text)
    __user_perthread_libspace                0x08000449   Thumb Code     0  libspace.o(.text)
    __user_setup_stackheap                   0x08000451   Thumb Code    74  sys_stackheap_outer.o(.text)
    exit                                     0x0800049b   Thumb Code    18  exit.o(.text)
    __I$use$semihosting                      0x080004ad   Thumb Code     0  use_no_semi.o(.text)
    __use_no_semihosting_swi                 0x080004ad   Thumb Code     2  use_no_semi.o(.text)
    __semihosting_library_function           0x080004af   Thumb Code     0  indicate_semi.o(.text)
    _sys_exit                                0x080004b1   Thumb Code     8  sys_exit.o(.text)
    CAN1_RX0_IRQHandler                      0x080004bd   Thumb Code   234  stm32f4xx_it.o(i.CAN1_RX0_IRQHandler)
    CAN2_RX0_IRQHandler                      0x080005b1   Thumb Code    42  stm32f4xx_it.o(i.CAN2_RX0_IRQHandler)
    CAN_FilterInit                           0x080005e5   Thumb Code   258  stm32f4xx_can.o(i.CAN_FilterInit)
    CAN_ITConfig                             0x080006ed   Thumb Code    18  stm32f4xx_can.o(i.CAN_ITConfig)
    CAN_Init                                 0x080006ff   Thumb Code   276  stm32f4xx_can.o(i.CAN_Init)
    CAN_Receive                              0x08000813   Thumb Code   240  stm32f4xx_can.o(i.CAN_Receive)
    CAN_Transmit                             0x08000903   Thumb Code   294  stm32f4xx_can.o(i.CAN_Transmit)
    GPIO_Init                                0x08000a29   Thumb Code   144  stm32f4xx_gpio.o(i.GPIO_Init)
    GPIO_PinAFConfig                         0x08000ab9   Thumb Code    70  stm32f4xx_gpio.o(i.GPIO_PinAFConfig)
    GPIO_ReadInputDataBit                    0x08000aff   Thumb Code    18  stm32f4xx_gpio.o(i.GPIO_ReadInputDataBit)
    GPIO_ResetBits                           0x08000b11   Thumb Code     4  stm32f4xx_gpio.o(i.GPIO_ResetBits)
    GPIO_SetBits                             0x08000b15   Thumb Code     4  stm32f4xx_gpio.o(i.GPIO_SetBits)
    GPIO_StructInit                          0x08000b19   Thumb Code    18  stm32f4xx_gpio.o(i.GPIO_StructInit)
    GPIO_ToggleBits                          0x08000b2b   Thumb Code     8  stm32f4xx_gpio.o(i.GPIO_ToggleBits)
    HardFault_Handler                        0x08000b35   Thumb Code    12  stm32f4xx_it.o(i.HardFault_Handler)
    NVIC_Init                                0x08000b45   Thumb Code   106  misc.o(i.NVIC_Init)
    NVIC_PriorityGroupConfig                 0x08000bbd   Thumb Code    10  misc.o(i.NVIC_PriorityGroupConfig)
    RCC_AHB1PeriphClockCmd                   0x08000bd1   Thumb Code    26  stm32f4xx_rcc.o(i.RCC_AHB1PeriphClockCmd)
    RCC_APB1PeriphClockCmd                   0x08000bf1   Thumb Code    26  stm32f4xx_rcc.o(i.RCC_APB1PeriphClockCmd)
    RCC_GetClocksFreq                        0x08000c11   Thumb Code   214  stm32f4xx_rcc.o(i.RCC_GetClocksFreq)
    SysTick_CLKSourceConfig                  0x08000de5   Thumb Code    40  misc.o(i.SysTick_CLKSourceConfig)
    SysTick_Handler                          0x08000e0d   Thumb Code    46  delay.o(i.SysTick_Handler)
    SystemInit                               0x08000e49   Thumb Code    88  system_stm32f4xx.o(i.SystemInit)
    System_Timer_Init                        0x08000eb1   Thumb Code    80  delay.o(i.System_Timer_Init)
    TIM3_IRQHandler                          0x08000f09   Thumb Code   130  stm32f4xx_it.o(i.TIM3_IRQHandler)
    TIM6_DAC_IRQHandler                      0x08000f95   Thumb Code    82  stm32f4xx_it.o(i.TIM6_DAC_IRQHandler)
    TIM_ClearITPendingBit                    0x08000ff1   Thumb Code     6  stm32f4xx_tim.o(i.TIM_ClearITPendingBit)
    TIM_Cmd                                  0x08000ff7   Thumb Code    24  stm32f4xx_tim.o(i.TIM_Cmd)
    TIM_GetITStatus                          0x0800100f   Thumb Code    34  stm32f4xx_tim.o(i.TIM_GetITStatus)
    TIM_ITConfig                             0x08001031   Thumb Code    18  stm32f4xx_tim.o(i.TIM_ITConfig)
    TIM_OC4Init                              0x08001045   Thumb Code   112  stm32f4xx_tim.o(i.TIM_OC4Init)
    TIM_TimeBaseInit                         0x080010bd   Thumb Code   104  stm32f4xx_tim.o(i.TIM_TimeBaseInit)
    UART5_IRQHandler                         0x08001141   Thumb Code    48  stm32f4xx_it.o(i.UART5_IRQHandler)
    USART2_IRQHandler                        0x08001179   Thumb Code    50  stm32f4xx_it.o(i.USART2_IRQHandler)
    USART3_IRQHandler                        0x080011b5   Thumb Code    54  stm32f4xx_it.o(i.USART3_IRQHandler)
    USART_ClearITPendingBit                  0x080011f5   Thumb Code    30  stm32f4xx_usart.o(i.USART_ClearITPendingBit)
    USART_Cmd                                0x08001213   Thumb Code    24  stm32f4xx_usart.o(i.USART_Cmd)
    USART_GetFlagStatus                      0x0800122b   Thumb Code    26  stm32f4xx_usart.o(i.USART_GetFlagStatus)
    USART_GetITStatus                        0x08001245   Thumb Code    84  stm32f4xx_usart.o(i.USART_GetITStatus)
    USART_ITConfig                           0x08001299   Thumb Code    74  stm32f4xx_usart.o(i.USART_ITConfig)
    USART_Init                               0x080012e5   Thumb Code   204  stm32f4xx_usart.o(i.USART_Init)
    USART_ReceiveData                        0x080013b9   Thumb Code    10  stm32f4xx_usart.o(i.USART_ReceiveData)
    USART_SendData                           0x080013c3   Thumb Code     8  stm32f4xx_usart.o(i.USART_SendData)
    systemInit()                             0x080013cd   Thumb Code    16  main.o(i._Z10systemInitv)
    constructorInit()                        0x080013e5   Thumb Code  5966  main.o(i._Z15constructorInitv)
    Xm_Abstract::Xm_Abstract()               0x08002b51   Thumb Code   300  main.o(i._ZN11Xm_AbstractC1Ev)
    Xm_Abstract::Xm_Abstract__sub_object()   0x08002b51   Thumb Code     0  main.o(i._ZN11Xm_AbstractC1Ev)
    Xm_Hardware::armControl()                0x08002c89   Thumb Code    28  xm_hardware.o(i._ZN11Xm_Hardware10armControlEv)
    Xm_Hardware::clawControl()               0x08002cad   Thumb Code    36  xm_hardware.o(i._ZN11Xm_Hardware11clawControlEv)
    Xm_Hardware::platControl()               0x08002cdd   Thumb Code    40  xm_hardware.o(i._ZN11Xm_Hardware11platControlEv)
    Xm_Hardware::wristControl()              0x08002d11   Thumb Code    40  xm_hardware.o(i._ZN11Xm_Hardware12wristControlEv)
    Xm_Hardware::chassisControl()            0x08002d45   Thumb Code    42  xm_hardware.o(i._ZN11Xm_Hardware14chassisControlEv)
    Xm_Hardware::robotCoordCalc()            0x08002d7d   Thumb Code   156  xm_hardware.o(i._ZN11Xm_Hardware14robotCoordCalcEv)
    Xm_Hardware::xmHardwareInit()            0x08002e29   Thumb Code    52  xm_hardware.o(i._ZN11Xm_Hardware14xmHardwareInitEv)
    Xm_Hardware::robotDataUpdate()           0x08002e6d   Thumb Code   272  xm_hardware.o(i._ZN11Xm_Hardware15robotDataUpdateEv)
    Xm_Hardware::xmHardwareTopCall()         0x08002fb1   Thumb Code    48  xm_hardware.o(i._ZN11Xm_Hardware17xmHardwareTopCallEv)
    Xm_Platform::set_height(float)           0x08002fe1   Thumb Code    18  xm_platform.o(i._ZN11Xm_Platform10set_heightEf)
    Xm_Platform::platform_home()             0x08002ff9   Thumb Code    16  xm_platform.o(i._ZN11Xm_Platform13platform_homeEv)
    Xm_Platform::platform_top_call()         0x0800300d   Thumb Code   210  xm_platform.o(i._ZN11Xm_Platform17platform_top_callEv)
    ServoDigital::axTorqueOn(unsigned char)  0x080030f5   Thumb Code    46  servo_digital.o(i._ZN12ServoDigital10axTorqueOnEh)
    ServoDigital::axSendPosition(unsigned char, unsigned short, unsigned short) 0x08003123   Thumb Code    86  servo_digital.o(i._ZN12ServoDigital14axSendPositionEhtt)
    ServoDigital::RxPacket(unsigned char)    0x08003179   Thumb Code   246  servo_digital.o(i._ZN12ServoDigital8RxPacketEh)
    ServoDigital::TxPacket(unsigned char, unsigned char, unsigned char) 0x08003271   Thumb Code   160  servo_digital.o(i._ZN12ServoDigital8TxPacketEhhh)
    Board_controller::SetLedState(unsigned char, unsigned char) 0x08003315   Thumb Code    94  broad_controller.o(i._ZN16Board_controller11SetLedStateEhh)
    Board_controller::Xm_Key_Init()          0x08003379   Thumb Code    44  broad_controller.o(i._ZN16Board_controller11Xm_Key_InitEv)
    Board_controller::Xm_Led_Init()          0x080033a9   Thumb Code    58  broad_controller.o(i._ZN16Board_controller11Xm_Led_InitEv)
    Board_controller::Xm_NVIC_Init()         0x080033e9   Thumb Code    14  broad_controller.o(i._ZN16Board_controller12Xm_NVIC_InitEv)
    Board_controller::Backward_Move()        0x080033f9   Thumb Code    16  broad_controller.o(i._ZN16Board_controller13Backward_MoveEv)
    Board_controller::Foreward_Move()        0x0800340d   Thumb Code    16  broad_controller.o(i._ZN16Board_controller13Foreward_MoveEv)
    Board_controller::Xm_Servo_Init()        0x08003421   Thumb Code   176  broad_controller.o(i._ZN16Board_controller13Xm_Servo_InitEv)
    Board_controller::Xm_Timer_Init()        0x080034d9   Thumb Code    90  broad_controller.o(i._ZN16Board_controller13Xm_Timer_InitEv)
    Board_controller::axServoRxModel()       0x08003539   Thumb Code    18  broad_controller.o(i._ZN16Board_controller14axServoRxModelEv)
    Board_controller::axServoTxModel()       0x08003551   Thumb Code    18  broad_controller.o(i._ZN16Board_controller14axServoTxModelEv)
    Board_controller::boardBasicInit()       0x08003569   Thumb Code    66  broad_controller.o(i._ZN16Board_controller14boardBasicInitEv)
    Board_controller::rs485_sendchar(unsigned char) 0x080035ad   Thumb Code    36  broad_controller.o(i._ZN16Board_controller14rs485_sendcharEh)
    Board_controller::Xm_Platform_Init()     0x080035d5   Thumb Code   220  broad_controller.o(i._ZN16Board_controller16Xm_Platform_InitEv)
    Board_controller::Motor_Sendmessage(unsigned, unsigned char*) 0x080036bd   Thumb Code    64  broad_controller.o(i._ZN16Board_controller17Motor_SendmessageEjPh)
    Board_controller::axServoSendTxByte(unsigned char) 0x08003701   Thumb Code    30  broad_controller.o(i._ZN16Board_controller17axServoSendTxByteEh)
    Board_controller::Xm_Communicate_Init()  0x08003725   Thumb Code   208  broad_controller.o(i._ZN16Board_controller19Xm_Communicate_InitEv)
    Board_controller::Xm_System_timer_Init() 0x080037fd   Thumb Code    10  broad_controller.o(i._ZN16Board_controller20Xm_System_timer_InitEv)
    Board_controller::Xm_GYPOS_Communicate_Init() 0x08003809   Thumb Code   240  broad_controller.o(i._ZN16Board_controller25Xm_GYPOS_Communicate_InitEv)
    Board_controller::Xm_Motor_Communicate_Init() 0x08003901   Thumb Code   238  broad_controller.o(i._ZN16Board_controller25Xm_Motor_Communicate_InitEv)
    Board_controller::rs485_cmd(unsigned char) 0x080039f9   Thumb Code    30  broad_controller.o(i._ZN16Board_controller9rs485_cmdEh)
    Board_controller::Board_controller()     0x08003a1d   Thumb Code    16  broad_controller.o(i._ZN16Board_controllerC1Ev)
    Board_controller::Board_controller__sub_object() 0x08003a1d   Thumb Code     0  broad_controller.o(i._ZN16Board_controllerC1Ev)
    Queue::emptyCheck()                      0x08003a2d   Thumb Code    18  queue.o(i._ZN5Queue10emptyCheckEv)
    Queue::getData()                         0x08003a3f   Thumb Code    28  queue.o(i._ZN5Queue7getDataEv)
    Queue::putData(unsigned char)            0x08003a5b   Thumb Code    26  queue.o(i._ZN5Queue7putDataEh)
    Queue::fullCheck()                       0x08003a75   Thumb Code    20  queue.o(i._ZN5Queue9fullCheckEv)
    Queue::Queue()                           0x08003a89   Thumb Code    10  queue.o(i._ZN5QueueC1Ev)
    Queue::Queue__sub_object()               0x08003a89   Thumb Code     0  queue.o(i._ZN5QueueC1Ev)
    HFLink::sendBuffer(unsigned char*, unsigned short) 0x08003a93   Thumb Code    32  hf_link.o(i._ZN6HFLink10sendBufferEPht)
    HFLink::sendSignal(unsigned char)        0x08003ab5   Thumb Code    32  hf_link.o(i._ZN6HFLink10sendSignalEh)
    HFLink::sendStruct(Command, unsigned char*, unsigned short) 0x08003ad9   Thumb Code    66  hf_link.o(i._ZN6HFLink10sendStructE7CommandPht)
    HFLink::sendMessage()                    0x08003b1b   Thumb Code   154  hf_link.o(i._ZN6HFLink11sendMessageEv)
    HFLink::packageAnalysis()                0x08003bb5   Thumb Code   358  hf_link.o(i._ZN6HFLink15packageAnalysisEv)
    HFLink::byteAnalysisCall(unsigned char)  0x08003d1b   Thumb Code    74  hf_link.o(i._ZN6HFLink16byteAnalysisCallEh)
    HFLink::setCommandAnalysis(Command, unsigned char*, unsigned short) 0x08003d65   Thumb Code   162  hf_link.o(i._ZN6HFLink18setCommandAnalysisE7CommandPht)
    HFLink::readCommandAnalysis(Command, unsigned char*, unsigned short) 0x08003e21   Thumb Code    78  hf_link.o(i._ZN6HFLink19readCommandAnalysisE7CommandPht)
    HFLink::receiveFiniteStates(unsigned char) 0x08003e6f   Thumb Code   346  hf_link.o(i._ZN6HFLink19receiveFiniteStatesEh)
    HFLink::HFLink(Xm_Abstract*)             0x08003fc9   Thumb Code    70  hf_link.o(i._ZN6HFLinkC1EP11Xm_Abstract)
    HFLink::HFLink__sub_object(Xm_Abstract*) 0x08003fc9   Thumb Code     0  hf_link.o(i._ZN6HFLinkC1EP11Xm_Abstract)
    TF_2WD::getRobotSpeed(const float*, float*) 0x0800400f   Thumb Code    60  xm_tf_2wd.o(i._ZN6TF_2WD13getRobotSpeedEPKfPf)
    TF_2WD::robotSpeedSet(const float*, float*) 0x0800404b   Thumb Code    60  xm_tf_2wd.o(i._ZN6TF_2WD13robotSpeedSetEPKfPf)
    TF_2WD::getGlobalSpeed(const float*, float*, float) 0x08004087   Thumb Code    80  xm_tf_2wd.o(i._ZN6TF_2WD14getGlobalSpeedEPKfPff)
    TF_2WD::motorToRobotTF(const float*, float*, float) 0x080040d9   Thumb Code    66  xm_tf_2wd.o(i._ZN6TF_2WD14motorToRobotTFEPKfPff)
    TF_2WD::robotToMotorTF(const float*, float*, float) 0x08004121   Thumb Code    74  xm_tf_2wd.o(i._ZN6TF_2WD14robotToMotorTFEPKfPff)
    TF_2WD::motorToGlobalTF(const float*, float*, float, float) 0x08004171   Thumb Code    58  xm_tf_2wd.o(i._ZN6TF_2WD15motorToGlobalTFEPKfPfff)
    TF_2WD::robotToGlobalTF(const float*, float*, float) 0x080041ad   Thumb Code   174  xm_tf_2wd.o(i._ZN6TF_2WD15robotToGlobalTFEPKfPff)
    TF_2WD::getRobotCoordinate(const float*, float*) 0x08004261   Thumb Code    76  xm_tf_2wd.o(i._ZN6TF_2WD18getRobotCoordinateEPKfPf)
    TF_2WD::getGlobalCoordinate(const float*, float*) 0x080042ad   Thumb Code    84  xm_tf_2wd.o(i._ZN6TF_2WD19getGlobalCoordinateEPKfPf)
    Xm_Gypos::get_gypos()                    0x08004301   Thumb Code   146  xm_gypos.o(i._ZN8Xm_Gypos9get_gyposEv)
    Xm_Motor::motor_mode(unsigned, unsigned char) 0x080043a5   Thumb Code    54  xm_motor.o(i._ZN8Xm_Motor10motor_modeEjh)
    Xm_Motor::arm_control()                  0x080043e1   Thumb Code    98  xm_motor.o(i._ZN8Xm_Motor11arm_controlEv)
    Xm_Motor::can_timeout()                  0x0800444d   Thumb Code    26  xm_motor.o(i._ZN8Xm_Motor11can_timeoutEv)
    Xm_Motor::motor_clear(unsigned)          0x08004469   Thumb Code    58  xm_motor.o(i._ZN8Xm_Motor11motor_clearEj)
    Xm_Motor::motor_reset(unsigned)          0x080044a9   Thumb Code    52  xm_motor.o(i._ZN8Xm_Motor11motor_resetEj)
    Xm_Motor::motor_speed(unsigned, short)   0x080044e1   Thumb Code    82  xm_motor.o(i._ZN8Xm_Motor11motor_speedEjs)
    Xm_Motor::chassis_init()                 0x0800453d   Thumb Code   110  xm_motor.o(i._ZN8Xm_Motor12chassis_initEv)
    Xm_Motor::motor_config(unsigned, unsigned char) 0x080045ad   Thumb Code    56  xm_motor.o(i._ZN8Xm_Motor12motor_configEjh)
    Xm_Motor::chassis_clear()                0x080045e9   Thumb Code    26  xm_motor.o(i._ZN8Xm_Motor13chassis_clearEv)
    Xm_Motor::wheel_control()                0x08004605   Thumb Code   156  xm_motor.o(i._ZN8Xm_Motor13wheel_controlEv)
    Xm_Motor::arm_motor_read(unsigned)       0x080046b5   Thumb Code    66  xm_motor.o(i._ZN8Xm_Motor14arm_motor_readEj)
    Xm_Motor::motor_math_htoi(unsigned char*, int*) 0x080046fd   Thumb Code    26  xm_motor.o(i._ZN8Xm_Motor15motor_math_htoiEPhPi)
    Xm_Motor::motor_math_itoh(int, unsigned char*) 0x08004717   Thumb Code   100  xm_motor.o(i._ZN8Xm_Motor15motor_math_itohEiPh)
    Xm_Motor::chassis_read_speed()           0x0800477b   Thumb Code    28  xm_motor.o(i._ZN8Xm_Motor18chassis_read_speedEv)
    Xm_Motor::arm_home()                     0x08004799   Thumb Code   138  xm_motor.o(i._ZN8Xm_Motor8arm_homeEv)
    Xm_Motor::arm_read()                     0x0800482d   Thumb Code   198  xm_motor.o(i._ZN8Xm_Motor8arm_readEv)
    Xm_Motor::arm_angle(unsigned char, float) 0x08004909   Thumb Code   176  xm_motor.o(i._ZN8Xm_Motor9arm_angleEhf)
    Xm_Motor::arm_clear()                    0x080049c9   Thumb Code    44  xm_motor.o(i._ZN8Xm_Motor9arm_clearEv)
    Xm_Servo::set_claw_state(unsigned char)  0x08004a01   Thumb Code    68  xm_servo.o(i._ZN8Xm_Servo14set_claw_stateEh)
    Xm_Servo::set_wrist_angle(float)         0x08004a51   Thumb Code   154  xm_servo.o(i._ZN8Xm_Servo15set_wrist_angleEf)
    Xm_Servo::wrist_claw_home()              0x08004af5   Thumb Code    60  xm_servo.o(i._ZN8Xm_Servo15wrist_claw_homeEv)
    std::cos(float)                          0x08004b31   Thumb Code    24  xm_tf_2wd.o(i._ZSt3cosf)
    std::sin(float)                          0x08004b49   Thumb Code    24  xm_tf_2wd.o(i._ZSt3sinf)
    __ARM_fpclassifyf                        0x08004b61   Thumb Code    38  fpclassifyf.o(i.__ARM_fpclassifyf)
    __hardfp_cosf                            0x08004b89   Thumb Code   280  cosf.o(i.__hardfp_cosf)
    __hardfp_sinf                            0x08004cd9   Thumb Code   344  sinf.o(i.__hardfp_sinf)
    __mathlib_flt_infnan                     0x08004e69   Thumb Code     6  funder.o(i.__mathlib_flt_infnan)
    __mathlib_flt_invalid                    0x08004e71   Thumb Code    10  funder.o(i.__mathlib_flt_invalid)
    __mathlib_flt_underflow                  0x08004e81   Thumb Code    10  funder.o(i.__mathlib_flt_underflow)
    __mathlib_rredf2                         0x08004e91   Thumb Code   316  rredf.o(i.__mathlib_rredf2)
    delay_ms                                 0x08005135   Thumb Code    30  delay.o(i.delay_ms)
    delay_us                                 0x08005153   Thumb Code    28  delay.o(i.delay_us)
    main                                     0x08005171   Thumb Code   162  main.o(i.main)
    __aeabi_d2f                              0x0800522d   Thumb Code     0  d2f.o(x$fpl$d2f)
    _d2f                                     0x0800522d   Thumb Code    98  d2f.o(x$fpl$d2f)
    __aeabi_ddiv                             0x08005291   Thumb Code     0  ddiv.o(x$fpl$ddiv)
    _ddiv                                    0x08005291   Thumb Code   552  ddiv.o(x$fpl$ddiv)
    __aeabi_d2iz                             0x08005541   Thumb Code     0  dfix.o(x$fpl$dfix)
    _dfix                                    0x08005541   Thumb Code    94  dfix.o(x$fpl$dfix)
    __aeabi_i2d                              0x0800559f   Thumb Code     0  dflt_clz.o(x$fpl$dflt)
    _dflt                                    0x0800559f   Thumb Code    46  dflt_clz.o(x$fpl$dflt)
    __aeabi_dmul                             0x080055cd   Thumb Code     0  dmul.o(x$fpl$dmul)
    _dmul                                    0x080055cd   Thumb Code   332  dmul.o(x$fpl$dmul)
    __fpl_dnaninf                            0x08005721   Thumb Code   156  dnaninf.o(x$fpl$dnaninf)
    __fpl_dretinf                            0x080057bd   Thumb Code    12  dretinf.o(x$fpl$dretinf)
    __aeabi_f2d                              0x080057c9   Thumb Code     0  f2d.o(x$fpl$f2d)
    _f2d                                     0x080057c9   Thumb Code    86  f2d.o(x$fpl$f2d)
    __fpl_fnaninf                            0x0800581f   Thumb Code   140  fnaninf.o(x$fpl$fnaninf)
    _fp_init                                 0x080058ab   Thumb Code    10  fpinit.o(x$fpl$fpinit)
    __fplib_config_fpu_vfp                   0x080058b3   Thumb Code     0  fpinit.o(x$fpl$fpinit)
    __fplib_config_pureend_doubles           0x080058b3   Thumb Code     0  fpinit.o(x$fpl$fpinit)
    __fpl_fretinf                            0x080058b5   Thumb Code    10  fretinf.o(x$fpl$fretinf)
    __I$use$fp                               0x080058be   Number         0  usenofp.o(x$fpl$usenofp)
    Region$$Table$$Base                      0x080058f0   Number         0  anon$$obj.o(Region$$Table)
    Region$$Table$$Limit                     0x08005910   Number         0  anon$$obj.o(Region$$Table)
    SHT$$INIT_ARRAY$$Base                    0x08005910   Number         0  broad_controller.o(.init_array)
    SHT$$INIT_ARRAY$$Limit                   0x08005930   Number         0  init_aeabi.o(.init_array)
    reload                                   0x20000010   Data           4  delay.o(.data)
    count_time                               0x20000014   Data           4  delay.o(.data)
    hf_link_node_pointer                     0x20000018   Data           4  hf_link.o(.data)
    board_controller                         0x2000001c   Data          16  broad_controller.o(.bss)
    queue                                    0x2000002c   Data         264  queue.o(.bss)
    hf_link_pc_node                          0x20000134   Data         408  hf_link.o(.bss)
    xm_servo                                 0x200002cc   Data         665  xm_servo.o(.bss)
    xm_gypos                                 0x20000568   Data          20  xm_gypos.o(.bss)
    xm_motor                                 0x2000057c   Data          26  xm_motor.o(.bss)
    xm_platform                              0x20000598   Data          32  xm_platform.o(.bss)
    xm_robot                                 0x200005b8   Data         220  xm_hardware.o(.bss)
    xm_hardware                              0x20000694   Data          16  xm_hardware.o(.bss)
    __libspace_start                         0x200006a4   Data          96  libspace.o(.bss)
    __temporary_stack_top$libspace           0x20000704   Data           0  libspace.o(.bss)



==============================================================================

Memory Map of the image

  Image Entry point : 0x08000189

  Load Region LR_IROM1 (Base: 0x08000000, Size: 0x0000594c, Max: 0x00100000, ABSOLUTE)

    Execution Region ER_IROM1 (Exec base: 0x08000000, Load base: 0x08000000, Size: 0x00005930, Max: 0x00100000, ABSOLUTE)

    Exec Addr    Load Addr    Size         Type   Attr      Idx    E Section Name        Object

    0x08000000   0x08000000   0x00000188   Data   RO          320    RESET               startup_stm32f40_41xxx.o
    0x08000188   0x08000188   0x00000008   Code   RO         6138  * !!!main             c_w.l(__main.o)
    0x08000190   0x08000190   0x00000034   Code   RO         6384    !!!scatter          c_w.l(__scatter.o)
    0x080001c4   0x080001c4   0x0000001a   Code   RO         6386    !!handler_copy      c_w.l(__scatter_copy.o)
    0x080001de   0x080001de   0x00000002   PAD
    0x080001e0   0x080001e0   0x0000001c   Code   RO         6388    !!handler_zi        c_w.l(__scatter_zi.o)
    0x080001fc   0x080001fc   0x00000002   Code   RO         6310    .ARM.Collect$$libinit$$00000000  c_w.l(libinit.o)
    0x080001fe   0x080001fe   0x00000004   Code   RO         6195    .ARM.Collect$$libinit$$00000001  c_w.l(libinit2.o)
    0x08000202   0x08000202   0x00000000   Code   RO         6198    .ARM.Collect$$libinit$$00000004  c_w.l(libinit2.o)
    0x08000202   0x08000202   0x00000000   Code   RO         6201    .ARM.Collect$$libinit$$0000000A  c_w.l(libinit2.o)
    0x08000202   0x08000202   0x00000000   Code   RO         6203    .ARM.Collect$$libinit$$0000000C  c_w.l(libinit2.o)
    0x08000202   0x08000202   0x00000000   Code   RO         6205    .ARM.Collect$$libinit$$0000000E  c_w.l(libinit2.o)
    0x08000202   0x08000202   0x00000000   Code   RO         6208    .ARM.Collect$$libinit$$00000011  c_w.l(libinit2.o)
    0x08000202   0x08000202   0x00000000   Code   RO         6210    .ARM.Collect$$libinit$$00000013  c_w.l(libinit2.o)
    0x08000202   0x08000202   0x00000000   Code   RO         6212    .ARM.Collect$$libinit$$00000015  c_w.l(libinit2.o)
    0x08000202   0x08000202   0x00000000   Code   RO         6214    .ARM.Collect$$libinit$$00000017  c_w.l(libinit2.o)
    0x08000202   0x08000202   0x00000000   Code   RO         6216    .ARM.Collect$$libinit$$00000019  c_w.l(libinit2.o)
    0x08000202   0x08000202   0x00000000   Code   RO         6218    .ARM.Collect$$libinit$$0000001B  c_w.l(libinit2.o)
    0x08000202   0x08000202   0x00000000   Code   RO         6220    .ARM.Collect$$libinit$$0000001D  c_w.l(libinit2.o)
    0x08000202   0x08000202   0x00000000   Code   RO         6222    .ARM.Collect$$libinit$$0000001F  c_w.l(libinit2.o)
    0x08000202   0x08000202   0x00000000   Code   RO         6224    .ARM.Collect$$libinit$$00000021  c_w.l(libinit2.o)
    0x08000202   0x08000202   0x00000000   Code   RO         6226    .ARM.Collect$$libinit$$00000023  c_w.l(libinit2.o)
    0x08000202   0x08000202   0x00000000   Code   RO         6228    .ARM.Collect$$libinit$$00000025  c_w.l(libinit2.o)
    0x08000202   0x08000202   0x00000000   Code   RO         6232    .ARM.Collect$$libinit$$0000002C  c_w.l(libinit2.o)
    0x08000202   0x08000202   0x00000000   Code   RO         6234    .ARM.Collect$$libinit$$0000002E  c_w.l(libinit2.o)
    0x08000202   0x08000202   0x00000000   Code   RO         6236    .ARM.Collect$$libinit$$00000030  c_w.l(libinit2.o)
    0x08000202   0x08000202   0x00000004   Code   RO         6237    .ARM.Collect$$libinit$$00000031  c_w.l(libinit2.o)
    0x08000206   0x08000206   0x00000000   Code   RO         6238    .ARM.Collect$$libinit$$00000032  c_w.l(libinit2.o)
    0x08000206   0x08000206   0x00000002   Code   RO         6239    .ARM.Collect$$libinit$$00000033  c_w.l(libinit2.o)
    0x08000208   0x08000208   0x00000002   Code   RO         6345    .ARM.Collect$$libshutdown$$00000000  c_w.l(libshutdown.o)
    0x0800020a   0x0800020a   0x00000000   Code   RO         6351    .ARM.Collect$$libshutdown$$00000002  c_w.l(libshutdown2.o)
    0x0800020a   0x0800020a   0x00000000   Code   RO         6353    .ARM.Collect$$libshutdown$$00000004  c_w.l(libshutdown2.o)
    0x0800020a   0x0800020a   0x00000000   Code   RO         6356    .ARM.Collect$$libshutdown$$00000007  c_w.l(libshutdown2.o)
    0x0800020a   0x0800020a   0x00000000   Code   RO         6359    .ARM.Collect$$libshutdown$$0000000A  c_w.l(libshutdown2.o)
    0x0800020a   0x0800020a   0x00000000   Code   RO         6361    .ARM.Collect$$libshutdown$$0000000C  c_w.l(libshutdown2.o)
    0x0800020a   0x0800020a   0x00000000   Code   RO         6364    .ARM.Collect$$libshutdown$$0000000F  c_w.l(libshutdown2.o)
    0x0800020a   0x0800020a   0x00000002   Code   RO         6365    .ARM.Collect$$libshutdown$$00000010  c_w.l(libshutdown2.o)
    0x0800020c   0x0800020c   0x00000000   Code   RO         6190    .ARM.Collect$$rtentry$$00000000  c_w.l(__rtentry.o)
    0x0800020c   0x0800020c   0x00000000   Code   RO         6269    .ARM.Collect$$rtentry$$00000002  c_w.l(__rtentry2.o)
    0x0800020c   0x0800020c   0x00000006   Code   RO         6281    .ARM.Collect$$rtentry$$00000004  c_w.l(__rtentry4.o)
    0x08000212   0x08000212   0x00000000   Code   RO         6271    .ARM.Collect$$rtentry$$00000009  c_w.l(__rtentry2.o)
    0x08000212   0x08000212   0x00000004   Code   RO         6272    .ARM.Collect$$rtentry$$0000000A  c_w.l(__rtentry2.o)
    0x08000216   0x08000216   0x00000000   Code   RO         6274    .ARM.Collect$$rtentry$$0000000C  c_w.l(__rtentry2.o)
    0x08000216   0x08000216   0x00000008   Code   RO         6275    .ARM.Collect$$rtentry$$0000000D  c_w.l(__rtentry2.o)
    0x0800021e   0x0800021e   0x00000002   Code   RO         6313    .ARM.Collect$$rtexit$$00000000  c_w.l(rtexit.o)
    0x08000220   0x08000220   0x00000000   Code   RO         6325    .ARM.Collect$$rtexit$$00000002  c_w.l(rtexit2.o)
    0x08000220   0x08000220   0x00000004   Code   RO         6326    .ARM.Collect$$rtexit$$00000003  c_w.l(rtexit2.o)
    0x08000224   0x08000224   0x00000006   Code   RO         6327    .ARM.Collect$$rtexit$$00000004  c_w.l(rtexit2.o)
    0x0800022a   0x0800022a   0x00000002   PAD
    0x0800022c   0x0800022c   0x00000040   Code   RO          321    .text               startup_stm32f40_41xxx.o
    0x0800026c   0x0800026c   0x0000008a   Code   RO         6130    .text               c_w.l(rt_memcpy_v6.o)
    0x080002f6   0x080002f6   0x00000064   Code   RO         6132    .text               c_w.l(rt_memcpy_w.o)
    0x0800035a   0x0800035a   0x00000010   Code   RO         6134    .text               c_w.l(aeabi_memset.o)
    0x0800036a   0x0800036a   0x00000006   Code   RO         6136    .text               c_w.l(heapauxi.o)
    0x08000370   0x08000370   0x00000024   Code   RO         6143    .text               c_w.l(init_aeabi.o)
    0x08000394   0x08000394   0x00000016   Code   RO         6191    .text               c_w.l(_rserrno.o)
    0x080003aa   0x080003aa   0x00000044   Code   RO         6193    .text               c_w.l(rt_memclr.o)
    0x080003ee   0x080003ee   0x00000002   PAD
    0x080003f0   0x080003f0   0x00000008   Code   RO         6286    .text               c_w.l(rt_errno_addr_intlibspace.o)
    0x080003f8   0x080003f8   0x0000004e   Code   RO         6288    .text               c_w.l(rt_memclr_w.o)
    0x08000446   0x08000446   0x00000002   PAD
    0x08000448   0x08000448   0x00000008   Code   RO         6294    .text               c_w.l(libspace.o)
    0x08000450   0x08000450   0x0000004a   Code   RO         6297    .text               c_w.l(sys_stackheap_outer.o)
    0x0800049a   0x0800049a   0x00000012   Code   RO         6299    .text               c_w.l(exit.o)
    0x080004ac   0x080004ac   0x00000002   Code   RO         6321    .text               c_w.l(use_no_semi.o)
    0x080004ae   0x080004ae   0x00000000   Code   RO         6323    .text               c_w.l(indicate_semi.o)
    0x080004ae   0x080004ae   0x00000002   PAD
    0x080004b0   0x080004b0   0x0000000c   Code   RO         6337    .text               c_w.l(sys_exit.o)
    0x080004bc   0x080004bc   0x000000f4   Code   RO          217    i.CAN1_RX0_IRQHandler  stm32f4xx_it.o
    0x080005b0   0x080005b0   0x00000034   Code   RO          218    i.CAN2_RX0_IRQHandler  stm32f4xx_it.o
    0x080005e4   0x080005e4   0x00000108   Code   RO          724    i.CAN_FilterInit    stm32f4xx_can.o
    0x080006ec   0x080006ec   0x00000012   Code   RO          730    i.CAN_ITConfig      stm32f4xx_can.o
    0x080006fe   0x080006fe   0x00000114   Code   RO          731    i.CAN_Init          stm32f4xx_can.o
    0x08000812   0x08000812   0x000000f0   Code   RO          734    i.CAN_Receive       stm32f4xx_can.o
    0x08000902   0x08000902   0x00000126   Code   RO          739    i.CAN_Transmit      stm32f4xx_can.o
    0x08000a28   0x08000a28   0x00000090   Code   RO         2155    i.GPIO_Init         stm32f4xx_gpio.o
    0x08000ab8   0x08000ab8   0x00000046   Code   RO         2156    i.GPIO_PinAFConfig  stm32f4xx_gpio.o
    0x08000afe   0x08000afe   0x00000012   Code   RO         2159    i.GPIO_ReadInputDataBit  stm32f4xx_gpio.o
    0x08000b10   0x08000b10   0x00000004   Code   RO         2162    i.GPIO_ResetBits    stm32f4xx_gpio.o
    0x08000b14   0x08000b14   0x00000004   Code   RO         2163    i.GPIO_SetBits      stm32f4xx_gpio.o
    0x08000b18   0x08000b18   0x00000012   Code   RO         2164    i.GPIO_StructInit   stm32f4xx_gpio.o
    0x08000b2a   0x08000b2a   0x00000008   Code   RO         2165    i.GPIO_ToggleBits   stm32f4xx_gpio.o
    0x08000b32   0x08000b32   0x00000002   PAD
    0x08000b34   0x08000b34   0x00000010   Code   RO          219    i.HardFault_Handler  stm32f4xx_it.o
    0x08000b44   0x08000b44   0x00000078   Code   RO          327    i.NVIC_Init         misc.o
    0x08000bbc   0x08000bbc   0x00000014   Code   RO          328    i.NVIC_PriorityGroupConfig  misc.o
    0x08000bd0   0x08000bd0   0x00000020   Code   RO         3019    i.RCC_AHB1PeriphClockCmd  stm32f4xx_rcc.o
    0x08000bf0   0x08000bf0   0x00000020   Code   RO         3028    i.RCC_APB1PeriphClockCmd  stm32f4xx_rcc.o
    0x08000c10   0x08000c10   0x000000e8   Code   RO         3040    i.RCC_GetClocksFreq  stm32f4xx_rcc.o
    0x08000cf8   0x08000cf8   0x000000ec   Code   RO         5162    i.SetSysClock       system_stm32f4xx.o
    0x08000de4   0x08000de4   0x00000028   Code   RO          331    i.SysTick_CLKSourceConfig  misc.o
    0x08000e0c   0x08000e0c   0x0000003c   Code   RO         5199    i.SysTick_Handler   delay.o
    0x08000e48   0x08000e48   0x00000068   Code   RO         5164    i.SystemInit        system_stm32f4xx.o
    0x08000eb0   0x08000eb0   0x00000058   Code   RO         5200    i.System_Timer_Init  delay.o
    0x08000f08   0x08000f08   0x0000008c   Code   RO          220    i.TIM3_IRQHandler   stm32f4xx_it.o
    0x08000f94   0x08000f94   0x0000005c   Code   RO          221    i.TIM6_DAC_IRQHandler  stm32f4xx_it.o
    0x08000ff0   0x08000ff0   0x00000006   Code   RO         4361    i.TIM_ClearITPendingBit  stm32f4xx_tim.o
    0x08000ff6   0x08000ff6   0x00000018   Code   RO         4366    i.TIM_Cmd           stm32f4xx_tim.o
    0x0800100e   0x0800100e   0x00000022   Code   RO         4387    i.TIM_GetITStatus   stm32f4xx_tim.o
    0x08001030   0x08001030   0x00000012   Code   RO         4391    i.TIM_ITConfig      stm32f4xx_tim.o
    0x08001042   0x08001042   0x00000002   PAD
    0x08001044   0x08001044   0x00000078   Code   RO         4410    i.TIM_OC4Init       stm32f4xx_tim.o
    0x080010bc   0x080010bc   0x00000084   Code   RO         4438    i.TIM_TimeBaseInit  stm32f4xx_tim.o
    0x08001140   0x08001140   0x00000038   Code   RO          222    i.UART5_IRQHandler  stm32f4xx_it.o
    0x08001178   0x08001178   0x0000003c   Code   RO          223    i.USART2_IRQHandler  stm32f4xx_it.o
    0x080011b4   0x080011b4   0x00000040   Code   RO          224    i.USART3_IRQHandler  stm32f4xx_it.o
    0x080011f4   0x080011f4   0x0000001e   Code   RO         4913    i.USART_ClearITPendingBit  stm32f4xx_usart.o
    0x08001212   0x08001212   0x00000018   Code   RO         4916    i.USART_Cmd         stm32f4xx_usart.o
    0x0800122a   0x0800122a   0x0000001a   Code   RO         4919    i.USART_GetFlagStatus  stm32f4xx_usart.o
    0x08001244   0x08001244   0x00000054   Code   RO         4920    i.USART_GetITStatus  stm32f4xx_usart.o
    0x08001298   0x08001298   0x0000004a   Code   RO         4922    i.USART_ITConfig    stm32f4xx_usart.o
    0x080012e2   0x080012e2   0x00000002   PAD
    0x080012e4   0x080012e4   0x000000d4   Code   RO         4923    i.USART_Init        stm32f4xx_usart.o
    0x080013b8   0x080013b8   0x0000000a   Code   RO         4930    i.USART_ReceiveData  stm32f4xx_usart.o
    0x080013c2   0x080013c2   0x00000008   Code   RO         4933    i.USART_SendData    stm32f4xx_usart.o
    0x080013ca   0x080013ca   0x00000002   PAD
    0x080013cc   0x080013cc   0x00000018   Code   RO            3    i._Z10systemInitv   main.o
    0x080013e4   0x080013e4   0x0000176c   Code   RO            4    i._Z15constructorInitv  main.o
    0x08002b50   0x08002b50   0x00000138   Code   RO           34    i._ZN11Xm_AbstractC1Ev  main.o
    0x08002c88   0x08002c88   0x00000024   Code   RO         6024    i._ZN11Xm_Hardware10armControlEv  xm_hardware.o
    0x08002cac   0x08002cac   0x00000030   Code   RO         6025    i._ZN11Xm_Hardware11clawControlEv  xm_hardware.o
    0x08002cdc   0x08002cdc   0x00000034   Code   RO         6026    i._ZN11Xm_Hardware11platControlEv  xm_hardware.o
    0x08002d10   0x08002d10   0x00000034   Code   RO         6027    i._ZN11Xm_Hardware12wristControlEv  xm_hardware.o
    0x08002d44   0x08002d44   0x00000038   Code   RO         6028    i._ZN11Xm_Hardware14chassisControlEv  xm_hardware.o
    0x08002d7c   0x08002d7c   0x000000ac   Code   RO         6029    i._ZN11Xm_Hardware14robotCoordCalcEv  xm_hardware.o
    0x08002e28   0x08002e28   0x00000044   Code   RO         6030    i._ZN11Xm_Hardware14xmHardwareInitEv  xm_hardware.o
    0x08002e6c   0x08002e6c   0x00000144   Code   RO         6031    i._ZN11Xm_Hardware15robotDataUpdateEv  xm_hardware.o
    0x08002fb0   0x08002fb0   0x00000030   Code   RO         6032    i._ZN11Xm_Hardware17xmHardwareTopCallEv  xm_hardware.o
    0x08002fe0   0x08002fe0   0x00000018   Code   RO         5970    i._ZN11Xm_Platform10set_heightEf  xm_platform.o
    0x08002ff8   0x08002ff8   0x00000014   Code   RO         5971    i._ZN11Xm_Platform13platform_homeEv  xm_platform.o
    0x0800300c   0x0800300c   0x000000e8   Code   RO         5972    i._ZN11Xm_Platform17platform_top_callEv  xm_platform.o
    0x080030f4   0x080030f4   0x0000002e   Code   RO         5532    i._ZN12ServoDigital10axTorqueOnEh  servo_digital.o
    0x08003122   0x08003122   0x00000056   Code   RO         5540    i._ZN12ServoDigital14axSendPositionEhtt  servo_digital.o
    0x08003178   0x08003178   0x000000f6   Code   RO         5549    i._ZN12ServoDigital8RxPacketEh  servo_digital.o
    0x0800326e   0x0800326e   0x00000002   PAD
    0x08003270   0x08003270   0x000000a4   Code   RO         5550    i._ZN12ServoDigital8TxPacketEhhh  servo_digital.o
    0x08003314   0x08003314   0x00000064   Code   RO         5243    i._ZN16Board_controller11SetLedStateEhh  broad_controller.o
    0x08003378   0x08003378   0x00000030   Code   RO         5244    i._ZN16Board_controller11Xm_Key_InitEv  broad_controller.o
    0x080033a8   0x080033a8   0x00000040   Code   RO         5245    i._ZN16Board_controller11Xm_Led_InitEv  broad_controller.o
    0x080033e8   0x080033e8   0x0000000e   Code   RO         5246    i._ZN16Board_controller12Xm_NVIC_InitEv  broad_controller.o
    0x080033f6   0x080033f6   0x00000002   PAD
    0x080033f8   0x080033f8   0x00000014   Code   RO         5247    i._ZN16Board_controller13Backward_MoveEv  broad_controller.o
    0x0800340c   0x0800340c   0x00000014   Code   RO         5248    i._ZN16Board_controller13Foreward_MoveEv  broad_controller.o
    0x08003420   0x08003420   0x000000b8   Code   RO         5249    i._ZN16Board_controller13Xm_Servo_InitEv  broad_controller.o
    0x080034d8   0x080034d8   0x00000060   Code   RO         5250    i._ZN16Board_controller13Xm_Timer_InitEv  broad_controller.o
    0x08003538   0x08003538   0x00000018   Code   RO         5251    i._ZN16Board_controller14axServoRxModelEv  broad_controller.o
    0x08003550   0x08003550   0x00000018   Code   RO         5252    i._ZN16Board_controller14axServoTxModelEv  broad_controller.o
    0x08003568   0x08003568   0x00000042   Code   RO         5253    i._ZN16Board_controller14boardBasicInitEv  broad_controller.o
    0x080035aa   0x080035aa   0x00000002   PAD
    0x080035ac   0x080035ac   0x00000028   Code   RO         5254    i._ZN16Board_controller14rs485_sendcharEh  broad_controller.o
    0x080035d4   0x080035d4   0x000000e8   Code   RO         5255    i._ZN16Board_controller16Xm_Platform_InitEv  broad_controller.o
    0x080036bc   0x080036bc   0x00000044   Code   RO         5256    i._ZN16Board_controller17Motor_SendmessageEjPh  broad_controller.o
    0x08003700   0x08003700   0x00000024   Code   RO         5257    i._ZN16Board_controller17axServoSendTxByteEh  broad_controller.o
    0x08003724   0x08003724   0x000000d8   Code   RO         5258    i._ZN16Board_controller19Xm_Communicate_InitEv  broad_controller.o
    0x080037fc   0x080037fc   0x0000000a   Code   RO         5259    i._ZN16Board_controller20Xm_System_timer_InitEv  broad_controller.o
    0x08003806   0x08003806   0x00000002   PAD
    0x08003808   0x08003808   0x000000f8   Code   RO         5260    i._ZN16Board_controller25Xm_GYPOS_Communicate_InitEv  broad_controller.o
    0x08003900   0x08003900   0x000000f8   Code   RO         5261    i._ZN16Board_controller25Xm_Motor_Communicate_InitEv  broad_controller.o
    0x080039f8   0x080039f8   0x00000024   Code   RO         5262    i._ZN16Board_controller9rs485_cmdEh  broad_controller.o
    0x08003a1c   0x08003a1c   0x00000010   Code   RO         5263    i._ZN16Board_controllerC1Ev  broad_controller.o
    0x08003a2c   0x08003a2c   0x00000012   Code   RO         5391    i._ZN5Queue10emptyCheckEv  queue.o
    0x08003a3e   0x08003a3e   0x0000001c   Code   RO         5392    i._ZN5Queue7getDataEv  queue.o
    0x08003a5a   0x08003a5a   0x0000001a   Code   RO         5393    i._ZN5Queue7putDataEh  queue.o
    0x08003a74   0x08003a74   0x00000014   Code   RO         5394    i._ZN5Queue9fullCheckEv  queue.o
    0x08003a88   0x08003a88   0x0000000a   Code   RO         5395    i._ZN5QueueC1Ev     queue.o
    0x08003a92   0x08003a92   0x00000020   Code   RO         5439    i._ZN6HFLink10sendBufferEPht  hf_link.o
    0x08003ab2   0x08003ab2   0x00000002   PAD
    0x08003ab4   0x08003ab4   0x00000024   Code   RO         5440    i._ZN6HFLink10sendSignalEh  hf_link.o
    0x08003ad8   0x08003ad8   0x00000042   Code   RO         5441    i._ZN6HFLink10sendStructE7CommandPht  hf_link.o
    0x08003b1a   0x08003b1a   0x0000009a   Code   RO         5442    i._ZN6HFLink11sendMessageEv  hf_link.o
    0x08003bb4   0x08003bb4   0x00000166   Code   RO         5443    i._ZN6HFLink15packageAnalysisEv  hf_link.o
    0x08003d1a   0x08003d1a   0x0000004a   Code   RO         5444    i._ZN6HFLink16byteAnalysisCallEh  hf_link.o
    0x08003d64   0x08003d64   0x000000bc   Code   RO         5446    i._ZN6HFLink18setCommandAnalysisE7CommandPht  hf_link.o
    0x08003e20   0x08003e20   0x0000004e   Code   RO         5447    i._ZN6HFLink19readCommandAnalysisE7CommandPht  hf_link.o
    0x08003e6e   0x08003e6e   0x0000015a   Code   RO         5448    i._ZN6HFLink19receiveFiniteStatesEh  hf_link.o
    0x08003fc8   0x08003fc8   0x00000046   Code   RO         5516    i._ZN6HFLinkC1EP11Xm_Abstract  hf_link.o
    0x0800400e   0x0800400e   0x0000003c   Code   RO         5873    i._ZN6TF_2WD13getRobotSpeedEPKfPf  xm_tf_2wd.o
    0x0800404a   0x0800404a   0x0000003c   Code   RO         5874    i._ZN6TF_2WD13robotSpeedSetEPKfPf  xm_tf_2wd.o
    0x08004086   0x08004086   0x00000050   Code   RO         5875    i._ZN6TF_2WD14getGlobalSpeedEPKfPff  xm_tf_2wd.o
    0x080040d6   0x080040d6   0x00000002   PAD
    0x080040d8   0x080040d8   0x00000048   Code   RO         5876    i._ZN6TF_2WD14motorToRobotTFEPKfPff  xm_tf_2wd.o
    0x08004120   0x08004120   0x00000050   Code   RO         5877    i._ZN6TF_2WD14robotToMotorTFEPKfPff  xm_tf_2wd.o
    0x08004170   0x08004170   0x0000003a   Code   RO         5878    i._ZN6TF_2WD15motorToGlobalTFEPKfPfff  xm_tf_2wd.o
    0x080041aa   0x080041aa   0x00000002   PAD
    0x080041ac   0x080041ac   0x000000b4   Code   RO         5879    i._ZN6TF_2WD15robotToGlobalTFEPKfPff  xm_tf_2wd.o
    0x08004260   0x08004260   0x0000004c   Code   RO         5880    i._ZN6TF_2WD18getRobotCoordinateEPKfPf  xm_tf_2wd.o
    0x080042ac   0x080042ac   0x00000054   Code   RO         5881    i._ZN6TF_2WD19getGlobalCoordinateEPKfPf  xm_tf_2wd.o
    0x08004300   0x08004300   0x000000a4   Code   RO         5704    i._ZN8Xm_Gypos9get_gyposEv  xm_gypos.o
    0x080043a4   0x080043a4   0x0000003c   Code   RO         5736    i._ZN8Xm_Motor10motor_modeEjh  xm_motor.o
    0x080043e0   0x080043e0   0x0000006c   Code   RO         5737    i._ZN8Xm_Motor11arm_controlEv  xm_motor.o
    0x0800444c   0x0800444c   0x0000001a   Code   RO         5738    i._ZN8Xm_Motor11can_timeoutEv  xm_motor.o
    0x08004466   0x08004466   0x00000002   PAD
    0x08004468   0x08004468   0x00000040   Code   RO         5739    i._ZN8Xm_Motor11motor_clearEj  xm_motor.o
    0x080044a8   0x080044a8   0x00000038   Code   RO         5740    i._ZN8Xm_Motor11motor_resetEj  xm_motor.o
    0x080044e0   0x080044e0   0x0000005c   Code   RO         5741    i._ZN8Xm_Motor11motor_speedEjs  xm_motor.o
    0x0800453c   0x0800453c   0x0000006e   Code   RO         5742    i._ZN8Xm_Motor12chassis_initEv  xm_motor.o
    0x080045aa   0x080045aa   0x00000002   PAD
    0x080045ac   0x080045ac   0x0000003c   Code   RO         5743    i._ZN8Xm_Motor12motor_configEjh  xm_motor.o
    0x080045e8   0x080045e8   0x0000001a   Code   RO         5744    i._ZN8Xm_Motor13chassis_clearEv  xm_motor.o
    0x08004602   0x08004602   0x00000002   PAD
    0x08004604   0x08004604   0x000000b0   Code   RO         5745    i._ZN8Xm_Motor13wheel_controlEv  xm_motor.o
    0x080046b4   0x080046b4   0x00000048   Code   RO         5746    i._ZN8Xm_Motor14arm_motor_readEj  xm_motor.o
    0x080046fc   0x080046fc   0x0000001a   Code   RO         5747    i._ZN8Xm_Motor15motor_math_htoiEPhPi  xm_motor.o
    0x08004716   0x08004716   0x00000064   Code   RO         5748    i._ZN8Xm_Motor15motor_math_itohEiPh  xm_motor.o
    0x0800477a   0x0800477a   0x0000001c   Code   RO         5749    i._ZN8Xm_Motor18chassis_read_speedEv  xm_motor.o
    0x08004796   0x08004796   0x00000002   PAD
    0x08004798   0x08004798   0x00000094   Code   RO         5750    i._ZN8Xm_Motor8arm_homeEv  xm_motor.o
    0x0800482c   0x0800482c   0x000000dc   Code   RO         5751    i._ZN8Xm_Motor8arm_readEv  xm_motor.o
    0x08004908   0x08004908   0x000000c0   Code   RO         5752    i._ZN8Xm_Motor9arm_angleEhf  xm_motor.o
    0x080049c8   0x080049c8   0x00000038   Code   RO         5753    i._ZN8Xm_Motor9arm_clearEv  xm_motor.o
    0x08004a00   0x08004a00   0x00000050   Code   RO         5660    i._ZN8Xm_Servo14set_claw_stateEh  xm_servo.o
    0x08004a50   0x08004a50   0x000000a4   Code   RO         5661    i._ZN8Xm_Servo15set_wrist_angleEf  xm_servo.o
    0x08004af4   0x08004af4   0x0000003c   Code   RO         5662    i._ZN8Xm_Servo15wrist_claw_homeEv  xm_servo.o
    0x08004b30   0x08004b30   0x00000018   Code   RO         5930    i._ZSt3cosf         xm_tf_2wd.o
    0x08004b48   0x08004b48   0x00000018   Code   RO         5936    i._ZSt3sinf         xm_tf_2wd.o
    0x08004b60   0x08004b60   0x00000026   Code   RO         6249    i.__ARM_fpclassifyf  m_wm.l(fpclassifyf.o)
    0x08004b86   0x08004b86   0x00000002   PAD
    0x08004b88   0x08004b88   0x00000150   Code   RO         6166    i.__hardfp_cosf     m_wm.l(cosf.o)
    0x08004cd8   0x08004cd8   0x00000190   Code   RO         6178    i.__hardfp_sinf     m_wm.l(sinf.o)
    0x08004e68   0x08004e68   0x00000006   Code   RO         6252    i.__mathlib_flt_infnan  m_wm.l(funder.o)
    0x08004e6e   0x08004e6e   0x00000002   PAD
    0x08004e70   0x08004e70   0x00000010   Code   RO         6254    i.__mathlib_flt_invalid  m_wm.l(funder.o)
    0x08004e80   0x08004e80   0x00000010   Code   RO         6257    i.__mathlib_flt_underflow  m_wm.l(funder.o)
    0x08004e90   0x08004e90   0x00000154   Code   RO         6265    i.__mathlib_rredf2  m_wm.l(rredf.o)
    0x08004fe4   0x08004fe4   0x00000014   Code   RO         5449    i.__sti___11_hf_link_cpp_e72e2d20  hf_link.o
    0x08004ff8   0x08004ff8   0x0000003c   Code   RO         5705    i.__sti___12_xm_gypos_cpp_xm_gypos  xm_gypos.o
    0x08005034   0x08005034   0x00000034   Code   RO         5754    i.__sti___12_xm_motor_cpp_xm_motor  xm_motor.o
    0x08005068   0x08005068   0x00000038   Code   RO         5663    i.__sti___12_xm_servo_cpp_xm_servo  xm_servo.o
    0x080050a0   0x080050a0   0x00000030   Code   RO         6033    i.__sti___15_xm_hardware_cpp_xm_robot  xm_hardware.o
    0x080050d0   0x080050d0   0x00000044   Code   RO         5973    i.__sti___15_xm_platform_cpp_fae40c9f  xm_platform.o
    0x08005114   0x08005114   0x00000010   Code   RO         5264    i.__sti___20_broad_controller_cpp_e0fcb226  broad_controller.o
    0x08005124   0x08005124   0x00000010   Code   RO         5396    i.__sti___9_queue_cpp_queue  queue.o
    0x08005134   0x08005134   0x0000001e   Code   RO         5201    i.delay_ms          delay.o
    0x08005152   0x08005152   0x0000001c   Code   RO         5202    i.delay_us          delay.o
    0x0800516e   0x0800516e   0x00000002   PAD
    0x08005170   0x08005170   0x000000bc   Code   RO            5    i.main              main.o
    0x0800522c   0x0800522c   0x00000062   Code   RO         6146    x$fpl$d2f           fz_wm.l(d2f.o)
    0x0800528e   0x0800528e   0x00000002   PAD
    0x08005290   0x08005290   0x000002b0   Code   RO         6149    x$fpl$ddiv          fz_wm.l(ddiv.o)
    0x08005540   0x08005540   0x0000005e   Code   RO         6152    x$fpl$dfix          fz_wm.l(dfix.o)
    0x0800559e   0x0800559e   0x0000002e   Code   RO         6157    x$fpl$dflt          fz_wm.l(dflt_clz.o)
    0x080055cc   0x080055cc   0x00000154   Code   RO         6162    x$fpl$dmul          fz_wm.l(dmul.o)
    0x08005720   0x08005720   0x0000009c   Code   RO         6240    x$fpl$dnaninf       fz_wm.l(dnaninf.o)
    0x080057bc   0x080057bc   0x0000000c   Code   RO         6242    x$fpl$dretinf       fz_wm.l(dretinf.o)
    0x080057c8   0x080057c8   0x00000056   Code   RO         6164    x$fpl$f2d           fz_wm.l(f2d.o)
    0x0800581e   0x0800581e   0x0000008c   Code   RO         6244    x$fpl$fnaninf       fz_wm.l(fnaninf.o)
    0x080058aa   0x080058aa   0x0000000a   Code   RO         6292    x$fpl$fpinit        fz_wm.l(fpinit.o)
    0x080058b4   0x080058b4   0x0000000a   Code   RO         6246    x$fpl$fretinf       fz_wm.l(fretinf.o)
    0x080058be   0x080058be   0x00000000   Code   RO         6248    x$fpl$usenofp       fz_wm.l(usenofp.o)
    0x080058be   0x080058be   0x00000002   PAD
    0x080058c0   0x080058c0   0x00000010   Data   RO         5775    .constdata          xm_motor.o
    0x080058d0   0x080058d0   0x00000020   Data   RO         6266    .constdata          m_wm.l(rredf.o)
    0x080058f0   0x080058f0   0x00000020   Data   RO         6382    Region$$Table       anon$$obj.o
    0x08005910   0x08005910   0x00000004   Data   RO         5288    .init_array         broad_controller.o
    0x08005914   0x08005910   0x00000004   Data   RO         5404    .init_array         queue.o
    0x08005918   0x08005910   0x00000004   Data   RO         5463    .init_array         hf_link.o
    0x0800591c   0x08005910   0x00000004   Data   RO         5669    .init_array         xm_servo.o
    0x08005920   0x08005910   0x00000004   Data   RO         5709    .init_array         xm_gypos.o
    0x08005924   0x08005910   0x00000004   Data   RO         5776    .init_array         xm_motor.o
    0x08005928   0x08005910   0x00000004   Data   RO         5979    .init_array         xm_platform.o
    0x0800592c   0x08005910   0x00000004   Data   RO         6045    .init_array         xm_hardware.o
    0x08005930   0x08005910   0x00000000   Data   RO         6141    .init_array         c_w.l(init_aeabi.o)


    Execution Region RW_IRAM1 (Exec base: 0x20000000, Load base: 0x08005930, Size: 0x00000d08, Max: 0x00020000, ABSOLUTE)

    Exec Addr    Load Addr    Size         Type   Attr      Idx    E Section Name        Object

    0x20000000   0x08005930   0x00000010   Data   RW         3072    .data               stm32f4xx_rcc.o
    0x20000010   0x08005940   0x00000008   Data   RW         5203    .data               delay.o
    0x20000018   0x08005948   0x00000004   Data   RW         5462    .data               hf_link.o
    0x2000001c        -       0x00000010   Zero   RW         5287    .bss                broad_controller.o
    0x2000002c        -       0x00000108   Zero   RW         5403    .bss                queue.o
    0x20000134        -       0x00000198   Zero   RW         5461    .bss                hf_link.o
    0x200002cc        -       0x00000299   Zero   RW         5668    .bss                xm_servo.o
    0x20000565   0x0800594c   0x00000003   PAD
    0x20000568        -       0x00000014   Zero   RW         5708    .bss                xm_gypos.o
    0x2000057c        -       0x0000001a   Zero   RW         5774    .bss                xm_motor.o
    0x20000596   0x0800594c   0x00000002   PAD
    0x20000598        -       0x00000020   Zero   RW         5978    .bss                xm_platform.o
    0x200005b8        -       0x000000ec   Zero   RW         6044    .bss                xm_hardware.o
    0x200006a4        -       0x00000060   Zero   RW         6295    .bss                c_w.l(libspace.o)
    0x20000704   0x0800594c   0x00000004   PAD
    0x20000708        -       0x00000200   Zero   RW          319    HEAP                startup_stm32f40_41xxx.o
    0x20000908        -       0x00000400   Zero   RW          318    STACK               startup_stm32f40_41xxx.o


==============================================================================

Image component sizes


      Code (inc. data)   RO Data    RW Data    ZI Data      Debug   Object Name

      1826        114          4          0         16      16195   broad_controller.o
       206         22          0          8          0       2584   delay.o
      1422         60          4          4        408      10819   hf_link.o
      6520        112          0          0          0     290915   main.o
       180         24          0          0          0     292261   misc.o
       118          6          4          0        264       3728   queue.o
       542          4          0          0          0       3416   servo_digital.o
        64         26        392          0       1536        864   startup_stm32f40_41xxx.o
      1092          6          0          0          0       4620   stm32f4xx_can.o
       266          0          0          0          0       4883   stm32f4xx_gpio.o
       724         72          0          0          0       8146   stm32f4xx_it.o
       296         30          0         16          0       4182   stm32f4xx_rcc.o
       334         36          0          0          0       4596   stm32f4xx_tim.o
       468          8          0          0          0       6419   stm32f4xx_usart.o
       340         32          0          0          0       1665   system_stm32f4xx.o
       224         32          4          0         20       1647   xm_gypos.o
       904        154          4          0        236      14553   xm_hardware.o
      1672        132         20          0         26      14383   xm_motor.o
       344         46          4          0         32       3509   xm_platform.o
       360         26          4          0        665       2871   xm_servo.o
       798         18          0          0          0       9624   xm_tf_2wd.o

    ----------------------------------------------------------------------
     18732        960        472         28       3208     701880   Object Totals
         0          0         32          0          0          0   (incl. Generated)
        32          0          0          0          5          0   (incl. Padding)

    ----------------------------------------------------------------------

      Code (inc. data)   RO Data    RW Data    ZI Data      Debug   Library Member Name

         8          0          0          0          0         68   __main.o
         0          0          0          0          0          0   __rtentry.o
        12          0          0          0          0          0   __rtentry2.o
         6          0          0          0          0          0   __rtentry4.o
        52          8          0          0          0          0   __scatter.o
        26          0          0          0          0          0   __scatter_copy.o
        28          0          0          0          0          0   __scatter_zi.o
        22          0          0          0          0        100   _rserrno.o
        16          0          0          0          0         68   aeabi_memset.o
        18          0          0          0          0         80   exit.o
         6          0          0          0          0        152   heapauxi.o
         0          0          0          0          0          0   indicate_semi.o
        36         10          0          0          0         80   init_aeabi.o
         2          0          0          0          0          0   libinit.o
        10          0          0          0          0          0   libinit2.o
         2          0          0          0          0          0   libshutdown.o
         2          0          0          0          0          0   libshutdown2.o
         8          4          0          0         96         68   libspace.o
         8          4          0          0          0         68   rt_errno_addr_intlibspace.o
        68          0          0          0          0         68   rt_memclr.o
        78          0          0          0          0         80   rt_memclr_w.o
       138          0          0          0          0         68   rt_memcpy_v6.o
       100          0          0          0          0         80   rt_memcpy_w.o
         2          0          0          0          0          0   rtexit.o
        10          0          0          0          0          0   rtexit2.o
        12          4          0          0          0         68   sys_exit.o
        74          0          0          0          0         80   sys_stackheap_outer.o
         2          0          0          0          0         68   use_no_semi.o
        98          4          0          0          0        140   d2f.o
       688        140          0          0          0        256   ddiv.o
        94          4          0          0          0        140   dfix.o
        46          0          0          0          0        116   dflt_clz.o
       340         12          0          0          0        152   dmul.o
       156          4          0          0          0        140   dnaninf.o
        12          0          0          0          0        116   dretinf.o
        86          4          0          0          0        132   f2d.o
       140          4          0          0          0        132   fnaninf.o
        10          0          0          0          0        116   fpinit.o
        10          0          0          0          0        116   fretinf.o
         0          0          0          0          0          0   usenofp.o
       336         56          0          0          0        136   cosf.o
        38          0          0          0          0        116   fpclassifyf.o
        38         12          0          0          0        348   funder.o
       340         24         32          0          0        160   rredf.o
       400         56          0          0          0        212   sinf.o

    ----------------------------------------------------------------------
      3596        350         32          0        100       3724   Library Totals
        18          0          0          0          4          0   (incl. Padding)

    ----------------------------------------------------------------------

      Code (inc. data)   RO Data    RW Data    ZI Data      Debug   Library Name

       746         30          0          0         96       1196   c_w.l
      1680        172          0          0          0       1556   fz_wm.l
      1152        148         32          0          0        972   m_wm.l

    ----------------------------------------------------------------------
      3596        350         32          0        100       3724   Library Totals

    ----------------------------------------------------------------------

==============================================================================


      Code (inc. data)   RO Data    RW Data    ZI Data      Debug   

     22328       1310        504         28       3308     689932   Grand Totals
     22328       1310        504         28       3308     689932   ELF Image Totals
     22328       1310        504         28          0          0   ROM Totals

==============================================================================

    Total RO  Size (Code + RO Data)                22832 (  22.30kB)
    Total RW  Size (RW Data + ZI Data)              3336 (   3.26kB)
    Total ROM Size (Code + RO Data + RW Data)      22860 (  22.32kB)

==============================================================================

